Archive member included to satisfy reference by file (symbol)

C:/devkitPro/libctru/lib\libcitro2d.a(base.o)
                              main.o (C2D_Init)
C:/devkitPro/libctru/lib\libcitro2d.a(spritesheet.o)
                              main.o (C2D_SpriteSheetLoad)
C:/devkitPro/libctru/lib\libcitro2d.a(render2d.shbin.o)
                              C:/devkitPro/libctru/lib\libcitro2d.a(base.o) (render2d_shbin)
C:/devkitPro/libctru/lib\libcitro3d.a(attribs.o)
                              main.o (AttrInfo_Init)
C:/devkitPro/libctru/lib\libcitro3d.a(base.o)
                              C:/devkitPro/libctru/lib\libcitro3d.a(attribs.o) (__C3D_Context)
C:/devkitPro/libctru/lib\libcitro3d.a(buffers.o)
                              main.o (BufInfo_Init)
C:/devkitPro/libctru/lib\libcitro3d.a(drawArrays.o)
                              main.o (C3D_DrawArrays)
C:/devkitPro/libctru/lib\libcitro3d.a(drawElements.o)
                              C:/devkitPro/libctru/lib\libcitro2d.a(base.o) (C3D_DrawElements)
C:/devkitPro/libctru/lib\libcitro3d.a(effect.o)
                              C:/devkitPro/libctru/lib\libcitro3d.a(base.o) (C3D_DepthMap)
C:/devkitPro/libctru/lib\libcitro3d.a(fog.o)
                              main.o (FogLut_Exp)
C:/devkitPro/libctru/lib\libcitro3d.a(framebuffer.o)
                              C:/devkitPro/libctru/lib\libcitro3d.a(base.o) (C3Di_FrameBufBind)
C:/devkitPro/libctru/lib\libcitro3d.a(immediate.o)
                              C:/devkitPro/libctru/lib\libcitro3d.a(base.o) (C3D_ImmSendAttrib)
C:/devkitPro/libctru/lib\libcitro3d.a(proctex.o)
                              C:/devkitPro/libctru/lib\libcitro2d.a(base.o) (C3D_ProcTexInit)
C:/devkitPro/libctru/lib\libcitro3d.a(renderqueue.o)
                              C:/devkitPro/libctru/lib\libcitro3d.a(base.o) (C3Di_RenderQueueEnableVBlank)
C:/devkitPro/libctru/lib\libcitro3d.a(tex3ds.o)
                              main.o (Tex3DS_TextureImport)
C:/devkitPro/libctru/lib\libcitro3d.a(texenv.o)
                              main.o (C3D_GetTexEnv)
C:/devkitPro/libctru/lib\libcitro3d.a(texture.o)
                              C:/devkitPro/libctru/lib\libcitro3d.a(tex3ds.o) (C3D_TexInitWithParams)
C:/devkitPro/libctru/lib\libcitro3d.a(uniforms.o)
                              C:/devkitPro/libctru/lib\libcitro3d.a(base.o) (C3D_UpdateUniforms)
C:/devkitPro/libctru/lib\libcitro3d.a(mtx_lookat.o)
                              main.o (Mtx_LookAt)
C:/devkitPro/libctru/lib\libcitro3d.a(mtx_multiply.o)
                              C:/devkitPro/libctru/lib\libcitro2d.a(base.o) (Mtx_Multiply)
C:/devkitPro/libctru/lib\libcitro3d.a(mtx_ortho.o)
                              C:/devkitPro/libctru/lib\libcitro2d.a(base.o) (Mtx_Ortho)
C:/devkitPro/libctru/lib\libcitro3d.a(mtx_orthotilt.o)
                              C:/devkitPro/libctru/lib\libcitro2d.a(base.o) (Mtx_OrthoTilt)
C:/devkitPro/libctru/lib\libcitro3d.a(mtx_persptilt.o)
                              main.o (Mtx_PerspTilt)
C:/devkitPro/libctru/lib\libcitro3d.a(mtx_rotatex.o)
                              main.o (Mtx_RotateX)
C:/devkitPro/libctru/lib\libcitro3d.a(mtx_rotatey.o)
                              main.o (Mtx_RotateY)
C:/devkitPro/libctru/lib\libcitro3d.a(mtx_rotatez.o)
                              C:/devkitPro/libctru/lib\libcitro2d.a(base.o) (Mtx_RotateZ)
C:/devkitPro/libctru/lib\libcitro3d.a(mtx_scale.o)
                              C:/devkitPro/libctru/lib\libcitro2d.a(base.o) (Mtx_Scale)
C:/devkitPro/libctru/lib\libcitro3d.a(mtx_translate.o)
                              main.o (Mtx_Translate)
C:/devkitPro/libctru/lib\libctru.a(linear.o)
                              main.o (linearAlloc)
C:/devkitPro/libctru/lib\libctru.a(mem_pool.o)
                              C:/devkitPro/libctru/lib\libctru.a(linear.o) (MemPool::Allocate(MemChunk&, unsigned long, int))
C:/devkitPro/libctru/lib\libctru.a(vram.o)
                              C:/devkitPro/libctru/lib\libcitro3d.a(renderqueue.o) (vramAlloc)
C:/devkitPro/libctru/lib\libctru.a(console.o)
                              main.o (consoleInit)
C:/devkitPro/libctru/lib\libctru.a(gfx.o)
                              C:/devkitPro/libctru/lib\libcitro2d.a(base.o) (gfxIsWide)
C:/devkitPro/libctru/lib\libctru.a(os.o)
                              C:/devkitPro/libctru/lib\libcitro3d.a(buffers.o) (osConvertVirtToPhys)
C:/devkitPro/libctru/lib\libctru.a(romfs_dev.o)
                              main.o (romfsMountSelf)
C:/devkitPro/libctru/lib\libctru.a(gpu.o)
                              C:/devkitPro/libctru/lib\libcitro3d.a(base.o) (gpuCmdBufOffset)
C:/devkitPro/libctru/lib\libctru.a(gx.o)
                              C:/devkitPro/libctru/lib\libcitro3d.a(renderqueue.o) (GX_BindQueue)
C:/devkitPro/libctru/lib\libctru.a(gxqueue.o)
                              C:/devkitPro/libctru/lib\libcitro3d.a(renderqueue.o) (gxCmdQueueClear)
[...]
Memory Configuration

Name             Origin             Length             Attributes
*default*        0x00000000         0xffffffff

Linker script and memory map

                0x00100000                        PROVIDE (__start__ = 0x100000)
                0x00100000                        . = __start__

.text           0x00100000    0x238c8
 *(.crt0)
 .crt0          0x00100000       0x94 C:/devkitPro/devkitARM/bin/../lib/gcc/arm-none-eabi/13.2.0/../../../../arm-none-eabi/lib/armv6k/fpu/3dsx_crt0.o
                0x00100000                _start
                0x00100008                __service_ptr
                0x0010000c                __apt_appid
                0x00100010                __heap_size
                0x00100014                __linear_heap_size
                0x00100018                __system_arglist
                0x0010001c                __system_runflags
 *(.init)
 .init          0x00100094        0xc C:/devkitPro/devkitARM/bin/../lib/gcc/arm-none-eabi/13.2.0/armv6k/fpu/crti.o
                0x00100094                _init
 .init          0x001000a0        0xc C:/devkitPro/devkitARM/bin/../lib/gcc/arm-none-eabi/13.2.0/armv6k/fpu/crtn.o
                0x001000ac                        . = ALIGN (0x4)
 *(.text)
 .text          0x001000ac      0x20c C:/devkitPro/devkitARM/bin/../lib/gcc/arm-none-eabi/13.2.0/armv6k/fpu\libgcc.a(_udivsi3.o)
                0x001000ac                __aeabi_uidiv
                0x001000ac                __udivsi3
                0x00100298                __aeabi_uidivmod
 .text          0x001002b8      0x240 C:/devkitPro/devkitARM/bin/../lib/gcc/arm-none-eabi/13.2.0/armv6k/fpu\libgcc.a(_divsi3.o)
                0x001002b8                __divsi3
                0x001002b8                __aeabi_idiv
                0x001004d8                __aeabi_idivmod
 .text          0x001004f8        0x4 C:/devkitPro/devkitARM/bin/../lib/gcc/arm-none-eabi/13.2.0/armv6k/fpu\libgcc.a(_dvmd_tls.o)
                0x001004f8                __aeabi_idiv0
                0x001004f8                __aeabi_ldiv0
 .text          0x001004fc      0x3c0 C:/devkitPro/devkitARM/bin/../lib/gcc/arm-none-eabi/13.2.0/armv6k/fpu\libgcc.a(_arm_addsubdf3.o)
                0x001004fc                __aeabi_drsub
                0x00100504                __aeabi_dsub
                0x00100504                __subdf3
                0x00100508                __aeabi_dadd
                0x00100508                __adddf3
                0x001007b4                __floatunsidf
                0x001007b4                __aeabi_ui2d
                0x001007d8                __floatsidf
                0x001007d8                __aeabi_i2d
                0x00100800                __aeabi_f2d
                0x00100800                __extendsfdf2
                0x00100848                __floatundidf
                0x00100848                __aeabi_ul2d
                0x0010085c                __floatdidf
                0x0010085c                __aeabi_l2d
 .text          0x001008bc       0xd4 C:/devkitPro/devkitARM/bin/../lib/gcc/arm-none-eabi/13.2.0/armv6k/fpu\libgcc.a(_aeabi_ldivmod.o)
                0x001008bc                __aeabi_ldivmod
 .text          0x00100990       0x3c C:/devkitPro/devkitARM/bin/../lib/gcc/arm-none-eabi/13.2.0/armv6k/fpu\libgcc.a(_aeabi_uldivmod.o)
                0x00100990                __aeabi_uldivmod
 *fill*         0x001009cc       0x14 
 .text          0x001009e0      0x390 C:/devkitPro/devkitARM/bin/../lib/gcc/arm-none-eabi/13.2.0/../../../../arm-none-eabi/lib/armv6k/fpu\libg.a(libc_a-strcmp.o)
                0x001009e8                strcmp
 *(.text.*)
 .text.__do_global_dtors_aux
                0x00100d70       0x40 C:/devkitPro/devkitARM/bin/../lib/gcc/arm-none-eabi/13.2.0/armv6k/fpu/crtbegin.o
 .text.frame_dummy
                0x00100db0       0x2c C:/devkitPro/devkitARM/bin/../lib/gcc/arm-none-eabi/13.2.0/armv6k/fpu/crtbegin.o
 .text.C2D_SpriteFromSheet
                0x00100ddc       0x60 main.o
 .text.sceneInit
                0x00100e3c      0x264 main.o
 .text.prepareToRender
                0x001010a0       0x9c main.o
                0x001010a0                prepareToRender
 *fill*         0x0010113c        0x4 
 .text.startup.main
                0x00101140      0x8fc main.o
                0x00101140                main
 .text.C2Di_FrameEndHook
                0x00101a3c       0x44 C:/devkitPro/libctru/lib\libcitro2d.a(base.o)
 .text.C2D_Init
                0x00101a80      0x36c C:/devkitPro/libctru/lib\libcitro2d.a(base.o)
                0x00101a80                C2D_Init
 .text.C2D_Fini
                0x00101dec       0x4c C:/devkitPro/libctru/lib\libcitro2d.a(base.o)
                0x00101dec                C2D_Fini
 .text.C2D_Prepare
                0x00101e38       0xb8 C:/devkitPro/libctru/lib\libcitro2d.a(base.o)
                0x00101e38                C2D_Prepare
 .text.C2D_Flush
                0x00101ef0       0x48 C:/devkitPro/libctru/lib\libcitro2d.a(base.o)
                0x00101ef0                C2D_Flush
 .text.C2D_SceneSize
                0x00101f38      0x104 C:/devkitPro/libctru/lib\libcitro2d.a(base.o)
                0x00101f38                C2D_SceneSize
 .text.C2D_CreateScreenTarget
                0x0010203c       0x58 C:/devkitPro/libctru/lib\libcitro2d.a(base.o)
                0x0010203c                C2D_CreateScreenTarget
 .text.C2D_TargetClear
                0x00102094       0x64 C:/devkitPro/libctru/lib\libcitro2d.a(base.o)
                0x00102094                C2D_TargetClear
 .text.C2Di_CalcQuad
                0x001020f8      0x13c C:/devkitPro/libctru/lib\libcitro2d.a(base.o)
                0x001020f8                C2Di_CalcQuad
 .text.C2Di_AppendQuad
                0x00102234       0x58 C:/devkitPro/libctru/lib\libcitro2d.a(base.o)
                0x00102234                C2Di_AppendQuad
 .text.C2Di_Update
                0x0010228c      0x550 C:/devkitPro/libctru/lib\libcitro2d.a(base.o)
                0x0010228c                C2Di_Update
 .text.C2D_DrawImage
                0x001027dc      0x2b0 C:/devkitPro/libctru/lib\libcitro2d.a(base.o)
                0x001027dc                C2D_DrawImage
 .text.C2D_SpriteSheetLoadFromHandle
                0x00102a8c       0x6c C:/devkitPro/libctru/lib\libcitro2d.a(spritesheet.o)
                0x00102a8c                C2D_SpriteSheetLoadFromHandle
 .text.C2D_SpriteSheetLoad
                0x00102af8       0x48 C:/devkitPro/libctru/lib\libcitro2d.a(spritesheet.o)
                0x00102af8                C2D_SpriteSheetLoad
 .text.C2D_SpriteSheetFree
                0x00102b40       0x28 C:/devkitPro/libctru/lib\libcitro2d.a(spritesheet.o)
                0x00102b40                C2D_SpriteSheetFree
 .text.C2D_SpriteSheetGetImage
                0x00102b68       0x2c C:/devkitPro/libctru/lib\libcitro2d.a(spritesheet.o)
                0x00102b68                C2D_SpriteSheetGetImage
 .text.AttrInfo_Init
                0x00102b94       0x28 C:/devkitPro/libctru/lib\libcitro3d.a(attribs.o)
                0x00102b94                AttrInfo_Init
 .text.AttrInfo_AddLoader
                0x00102bbc       0x94 C:/devkitPro/libctru/lib\libcitro3d.a(attribs.o)
                0x00102bbc                AttrInfo_AddLoader
 .text.C3D_GetAttrInfo
                0x00102c50       0x20 C:/devkitPro/libctru/lib\libcitro3d.a(attribs.o)
                0x00102c50                C3D_GetAttrInfo
 .text.C3D_SetAttrInfo
                0x00102c70       0x54 C:/devkitPro/libctru/lib\libcitro3d.a(attribs.o)
                0x00102c70                C3D_SetAttrInfo
 .text.C3Di_AttrInfoBind
                0x00102cc4       0x80 C:/devkitPro/libctru/lib\libcitro3d.a(attribs.o)
                0x00102cc4                C3Di_AttrInfoBind
 .text.C3Di_LightEnvUpdate
                0x00102d44        0x4 C:/devkitPro/libctru/lib\libcitro3d.a(base.o)
                0x00102d44                C3Di_LightEnvUpdate
 .text.C3Di_LightEnvDirty
                0x00102d48        0x4 C:/devkitPro/libctru/lib\libcitro3d.a(base.o)
                0x00102d48                C3Di_LightEnvDirty
 .text.C3Di_AptEventHook
                0x00102d4c       0xb4 C:/devkitPro/libctru/lib\libcitro3d.a(base.o)
 .text.C3Di_GasUpdate
                0x00102e00        0x4 C:/devkitPro/libctru/lib\libcitro3d.a(base.o)
                0x00102e00                C3Di_GasUpdate
 .text.C3D_Init
                0x00102e04      0x1d0 C:/devkitPro/libctru/lib\libcitro3d.a(base.o)
                0x00102e04                C3D_Init
 .text.C3D_SetViewport
                0x00102fd4       0x98 C:/devkitPro/libctru/lib\libcitro3d.a(base.o)
                0x00102fd4                C3D_SetViewport
 .text.C3Di_UpdateContext
                0x0010306c      0x4e8 C:/devkitPro/libctru/lib\libcitro3d.a(base.o)
                0x0010306c                C3Di_UpdateContext
 .text.C3Di_SplitFrame
                0x00103554       0xe0 C:/devkitPro/libctru/lib\libcitro3d.a(base.o)
                0x00103554                C3Di_SplitFrame
 .text.C3D_Fini
                0x00103634       0x44 C:/devkitPro/libctru/lib\libcitro3d.a(base.o)
                0x00103634                C3D_Fini
 .text.C3D_BindProgram
                0x00103678      0x194 C:/devkitPro/libctru/lib\libcitro3d.a(base.o)
                0x00103678                C3D_BindProgram
 .text.BufInfo_Init
                0x0010380c       0x24 C:/devkitPro/libctru/lib\libcitro3d.a(buffers.o)
                0x0010380c                BufInfo_Init
 .text.BufInfo_Add
                0x00103830       0x80 C:/devkitPro/libctru/lib\libcitro3d.a(buffers.o)
                0x00103830                BufInfo_Add
 .text.C3D_GetBufInfo
                0x001038b0       0x20 C:/devkitPro/libctru/lib\libcitro3d.a(buffers.o)
                0x001038b0                C3D_GetBufInfo
 .text.C3D_SetBufInfo
                0x001038d0       0x3c C:/devkitPro/libctru/lib\libcitro3d.a(buffers.o)
                0x001038d0                C3D_SetBufInfo
 .text.C3Di_BufInfoBind
                0x0010390c       0x48 C:/devkitPro/libctru/lib\libcitro3d.a(buffers.o)
                0x0010390c                C3Di_BufInfoBind
 .text.C3D_DrawArrays
                0x00103954      0x148 C:/devkitPro/libctru/lib\libcitro3d.a(drawArrays.o)
                0x00103954                C3D_DrawArrays
 .text.C3D_DrawElements
                0x00103a9c      0x21c C:/devkitPro/libctru/lib\libcitro3d.a(drawElements.o)
                0x00103a9c                C3D_DrawElements
 .text.C3D_DepthMap
                0x00103cb8       0x40 C:/devkitPro/libctru/lib\libcitro3d.a(effect.o)
                0x00103cb8                C3D_DepthMap
 .text.C3D_CullFace
                0x00103cf8       0x1c C:/devkitPro/libctru/lib\libcitro3d.a(effect.o)
                0x00103cf8                C3D_CullFace
 .text.C3D_StencilTest
                0x00103d14       0x40 C:/devkitPro/libctru/lib\libcitro3d.a(effect.o)
                0x00103d14                C3D_StencilTest
 .text.C3D_StencilOp
                0x00103d54       0x24 C:/devkitPro/libctru/lib\libcitro3d.a(effect.o)
                0x00103d54                C3D_StencilOp
 .text.C3D_BlendingColor
                0x00103d78       0x1c C:/devkitPro/libctru/lib\libcitro3d.a(effect.o)
                0x00103d78                C3D_BlendingColor
 .text.C3D_EarlyDepthTest
                0x00103d94       0x24 C:/devkitPro/libctru/lib\libcitro3d.a(effect.o)
                0x00103d94                C3D_EarlyDepthTest
 .text.C3D_DepthTest
                0x00103db8       0x2c C:/devkitPro/libctru/lib\libcitro3d.a(effect.o)
                0x00103db8                C3D_DepthTest
 .text.C3D_AlphaTest
                0x00103de4       0x2c C:/devkitPro/libctru/lib\libcitro3d.a(effect.o)
                0x00103de4                C3D_AlphaTest
 .text.C3D_AlphaBlend
                0x00103e10       0x50 C:/devkitPro/libctru/lib\libcitro3d.a(effect.o)
                0x00103e10                C3D_AlphaBlend
 .text.C3D_FragOpMode
                0x00103e60       0x30 C:/devkitPro/libctru/lib\libcitro3d.a(effect.o)
                0x00103e60                C3D_FragOpMode
 .text.C3D_FragOpShadow
                0x00103e90       0x44 C:/devkitPro/libctru/lib\libcitro3d.a(effect.o)
                0x00103e90                C3D_FragOpShadow
 .text.C3Di_EffectBind
                0x00103ed4      0x1ac C:/devkitPro/libctru/lib\libcitro3d.a(effect.o)
                0x00103ed4                C3Di_EffectBind
 .text.FogLut_FromArray
                0x00104080       0xb8 C:/devkitPro/libctru/lib\libcitro3d.a(fog.o)
                0x00104080                FogLut_FromArray
 .text.FogLut_Exp
                0x00104138       0xa8 C:/devkitPro/libctru/lib\libcitro3d.a(fog.o)
                0x00104138                FogLut_Exp
 .text.C3D_FogGasMode
                0x001041e0       0x4c C:/devkitPro/libctru/lib\libcitro3d.a(fog.o)
                0x001041e0                C3D_FogGasMode
 .text.C3D_FogColor
                0x0010422c       0x20 C:/devkitPro/libctru/lib\libcitro3d.a(fog.o)
                0x0010422c                C3D_FogColor
 .text.C3D_FogLutBind
                0x0010424c       0x30 C:/devkitPro/libctru/lib\libcitro3d.a(fog.o)
                0x0010424c                C3D_FogLutBind
 .text.C3D_CalcColorBufSize
                0x0010427c       0x1c C:/devkitPro/libctru/lib\libcitro3d.a(framebuffer.o)
                0x0010427c                C3D_CalcColorBufSize
 .text.C3D_CalcDepthBufSize
                0x00104298       0x1c C:/devkitPro/libctru/lib\libcitro3d.a(framebuffer.o)
                0x00104298                C3D_CalcDepthBufSize
 .text.C3D_SetFrameBuf
                0x001042b4       0x44 C:/devkitPro/libctru/lib\libcitro3d.a(framebuffer.o)
                0x001042b4                C3D_SetFrameBuf
 .text.C3Di_FrameBufBind
                0x001042f8      0x16c C:/devkitPro/libctru/lib\libcitro3d.a(framebuffer.o)
                0x001042f8                C3Di_FrameBufBind
 .text.C3D_FrameBufClear
                0x00104464       0xc8 C:/devkitPro/libctru/lib\libcitro3d.a(framebuffer.o)
                0x00104464                C3D_FrameBufClear
 .text.C3D_FrameBufTransfer
                0x0010452c       0x44 C:/devkitPro/libctru/lib\libcitro3d.a(framebuffer.o)
                0x0010452c                C3D_FrameBufTransfer
 .text.C3D_ImmSendAttrib
                0x00104570       0xa8 C:/devkitPro/libctru/lib\libcitro3d.a(immediate.o)
                0x00104570                C3D_ImmSendAttrib
 .text.C3D_ProcTexInit
                0x00104618       0x70 C:/devkitPro/libctru/lib\libcitro3d.a(proctex.o)
                0x00104618                C3D_ProcTexInit
 .text.C3D_ProcTexBind
                0x00104688       0x54 C:/devkitPro/libctru/lib\libcitro3d.a(proctex.o)
                0x00104688                C3D_ProcTexBind
 .text.C3D_ProcTexLutBind
                0x001046dc       0x5c C:/devkitPro/libctru/lib\libcitro3d.a(proctex.o)
                0x001046dc                C3D_ProcTexLutBind
 .text.ProcTexLut_FromArray
                0x00104738       0xa4 C:/devkitPro/libctru/lib\libcitro3d.a(proctex.o)
                0x00104738                ProcTexLut_FromArray
 .text.C3Di_ProcTexUpdate
                0x001047dc      0x178 C:/devkitPro/libctru/lib\libcitro3d.a(proctex.o)
                0x001047dc                C3Di_ProcTexUpdate
 .text.C3Di_ProcTexDirty
                0x00104954       0x68 C:/devkitPro/libctru/lib\libcitro3d.a(proctex.o)
                0x00104954                C3Di_ProcTexDirty
 .text.onVBlank0
                0x001049bc       0x4c C:/devkitPro/libctru/lib\libcitro3d.a(renderqueue.o)
 .text.onVBlank1
                0x00104a08       0x4c C:/devkitPro/libctru/lib\libcitro3d.a(renderqueue.o)
 .text.C3Di_RenderTargetDestroy
                0x00104a54       0x80 C:/devkitPro/libctru/lib\libcitro3d.a(renderqueue.o)
 .text.onQueueFinish
                0x00104ad4       0xf4 C:/devkitPro/libctru/lib\libcitro3d.a(renderqueue.o)
 .text.C3Di_RenderQueueEnableVBlank
                0x00104bc8       0x38 C:/devkitPro/libctru/lib\libcitro3d.a(renderqueue.o)
                0x00104bc8                C3Di_RenderQueueEnableVBlank
 .text.C3Di_RenderQueueDisableVBlank
                0x00104c00       0x30 C:/devkitPro/libctru/lib\libcitro3d.a(renderqueue.o)
                0x00104c00                C3Di_RenderQueueDisableVBlank
 .text.C3Di_RenderQueueInit
                0x00104c30       0x60 C:/devkitPro/libctru/lib\libcitro3d.a(renderqueue.o)
                0x00104c30                C3Di_RenderQueueInit
 .text.C3Di_RenderQueueExit
                0x00104c90       0xb4 C:/devkitPro/libctru/lib\libcitro3d.a(renderqueue.o)
                0x00104c90                C3Di_RenderQueueExit
 .text.C3Di_RenderQueueWaitDone
                0x00104d44       0x34 C:/devkitPro/libctru/lib\libcitro3d.a(renderqueue.o)
                0x00104d44                C3Di_RenderQueueWaitDone
 .text.C3D_FrameBegin
                0x00104d78       0xe8 C:/devkitPro/libctru/lib\libcitro3d.a(renderqueue.o)
                0x00104d78                C3D_FrameBegin
 .text.C3D_FrameDrawOn
                0x00104e60       0x48 C:/devkitPro/libctru/lib\libcitro3d.a(renderqueue.o)
                0x00104e60                C3D_FrameDrawOn
 .text.C3D_FrameSplit
                0x00104ea8       0x58 C:/devkitPro/libctru/lib\libcitro3d.a(renderqueue.o)
                0x00104ea8                C3D_FrameSplit
 .text.C3D_FrameEnd
                0x00104f00      0x1d0 C:/devkitPro/libctru/lib\libcitro3d.a(renderqueue.o)
                0x00104f00                C3D_FrameEnd
 .text.C3D_FrameEndHook
                0x001050d0       0x1c C:/devkitPro/libctru/lib\libcitro3d.a(renderqueue.o)
                0x001050d0                C3D_FrameEndHook
 .text.C3D_RenderTargetCreate
                0x001050ec      0x170 C:/devkitPro/libctru/lib\libcitro3d.a(renderqueue.o)
                0x001050ec                C3D_RenderTargetCreate
 .text.C3D_RenderTargetSetOutput
                0x0010525c       0xa8 C:/devkitPro/libctru/lib\libcitro3d.a(renderqueue.o)
                0x0010525c                C3D_RenderTargetSetOutput
 .text.C3D_SyncTextureCopy
                0x00105304       0xfc C:/devkitPro/libctru/lib\libcitro3d.a(renderqueue.o)
                0x00105304                C3D_SyncTextureCopy
 .text.Tex3DSi_ImportCommon
                0x00105400      0x3d8 C:/devkitPro/libctru/lib\libcitro3d.a(tex3ds.o)
 .text.Tex3DS_TextureImport
                0x001057d8       0x34 C:/devkitPro/libctru/lib\libcitro3d.a(tex3ds.o)
                0x001057d8                Tex3DS_TextureImport
 .text.Tex3DS_TextureImportStdio
                0x0010580c       0x38 C:/devkitPro/libctru/lib\libcitro3d.a(tex3ds.o)
                0x0010580c                Tex3DS_TextureImportStdio
 .text.Tex3DS_GetSubTexture
                0x00105844       0x1c C:/devkitPro/libctru/lib\libcitro3d.a(tex3ds.o)
                0x00105844                Tex3DS_GetSubTexture
 .text.Tex3DS_TextureFree
                0x00105860        0x4 C:/devkitPro/libctru/lib\libcitro3d.a(tex3ds.o)
                0x00105860                Tex3DS_TextureFree
 .text.C3D_GetTexEnv
                0x00105864       0x34 C:/devkitPro/libctru/lib\libcitro3d.a(texenv.o)
                0x00105864                C3D_GetTexEnv
 .text.C3Di_TexEnvBind
                0x00105898       0x24 C:/devkitPro/libctru/lib\libcitro3d.a(texenv.o)
                0x00105898                C3Di_TexEnvBind
 .text.C3D_TexInitWithParams
                0x001058bc      0x290 C:/devkitPro/libctru/lib\libcitro3d.a(texture.o)
                0x001058bc                C3D_TexInitWithParams
 .text.C3D_TexLoadImage
                0x00105b4c       0xc8 C:/devkitPro/libctru/lib\libcitro3d.a(texture.o)
                0x00105b4c                C3D_TexLoadImage
 .text.C3D_TexBind
                0x00105c14       0x44 C:/devkitPro/libctru/lib\libcitro3d.a(texture.o)
                0x00105c14                C3D_TexBind
 .text.C3D_TexDelete
                0x00105c58       0x74 C:/devkitPro/libctru/lib\libcitro3d.a(texture.o)
                0x00105c58                C3D_TexDelete
 .text.C3Di_SetTex
                0x00105ccc      0x14c C:/devkitPro/libctru/lib\libcitro3d.a(texture.o)
                0x00105ccc                C3Di_SetTex
 .text.C3D_UpdateUniforms
                0x00105e18      0x290 C:/devkitPro/libctru/lib\libcitro3d.a(uniforms.o)
                0x00105e18                C3D_UpdateUniforms
 .text.C3Di_DirtyUniforms
                0x001060a8       0xc0 C:/devkitPro/libctru/lib\libcitro3d.a(uniforms.o)
                0x001060a8                C3Di_DirtyUniforms
 .text.C3Di_LoadShaderUniforms
                0x00106168       0xd8 C:/devkitPro/libctru/lib\libcitro3d.a(uniforms.o)
                0x00106168                C3Di_LoadShaderUniforms
 .text.C3Di_ClearShaderUniforms
                0x00106240       0x28 C:/devkitPro/libctru/lib\libcitro3d.a(uniforms.o)
                0x00106240                C3Di_ClearShaderUniforms
 .text.Mtx_LookAt
                0x00106268      0x12c C:/devkitPro/libctru/lib\libcitro3d.a(mtx_lookat.o)
                0x00106268                Mtx_LookAt
 .text.Mtx_Ortho
                0x00106394       0xcc C:/devkitPro/libctru/lib\libcitro3d.a(mtx_ortho.o)
                0x00106394                Mtx_Ortho
 .text.Mtx_OrthoTilt
                0x00106460       0xcc C:/devkitPro/libctru/lib\libcitro3d.a(mtx_orthotilt.o)
                0x00106460                Mtx_OrthoTilt
 .text.Mtx_PerspTilt
                0x0010652c       0x94 C:/devkitPro/libctru/lib\libcitro3d.a(mtx_persptilt.o)
                0x0010652c                Mtx_PerspTilt
 .text.Mtx_RotateX
                0x001065c0       0xa4 C:/devkitPro/libctru/lib\libcitro3d.a(mtx_rotatex.o)
                0x001065c0                Mtx_RotateX
 .text.Mtx_RotateY
                0x00106664       0xa0 C:/devkitPro/libctru/lib\libcitro3d.a(mtx_rotatey.o)
                0x00106664                Mtx_RotateY
 .text.Mtx_Translate
                0x00106704       0xa4 C:/devkitPro/libctru/lib\libcitro3d.a(mtx_translate.o)
                0x00106704                Mtx_Translate
 .text._ZL21addrMapNodeComparatorPK11rbtree_nodeS1_
                0x001067a8       0x24 C:/devkitPro/libctru/lib\libctru.a(linear.o)
 .text._ZL21addrMapNodeDestructorP11rbtree_node
                0x001067cc        0x4 C:/devkitPro/libctru/lib\libctru.a(linear.o)
 .text.linearMemAlign
                0x001067d0      0x120 C:/devkitPro/libctru/lib\libctru.a(linear.o)
                0x001067d0                linearMemAlign
 .text.linearAlloc
                0x001068f0        0x8 C:/devkitPro/libctru/lib\libctru.a(linear.o)
                0x001068f0                linearAlloc
 .text.linearFree
                0x001068f8       0x5c C:/devkitPro/libctru/lib\libctru.a(linear.o)
                0x001068f8                linearFree
 .text._ZN7MemPool13CoalesceRightEP8MemBlock
                0x00106954       0x80 C:/devkitPro/libctru/lib\libctru.a(mem_pool.o)
                0x00106954                MemPool::CoalesceRight(MemBlock*)
 .text._ZN7MemPool8AllocateER8MemChunkmi
                0x001069d4      0x16c C:/devkitPro/libctru/lib\libctru.a(mem_pool.o)
                0x001069d4                MemPool::Allocate(MemChunk&, unsigned long, int)
 .text._ZN7MemPool10DeallocateERK8MemChunk
                0x00106b40       0xfc C:/devkitPro/libctru/lib\libctru.a(mem_pool.o)
                0x00106b40                MemPool::Deallocate(MemChunk const&)
 .text._ZN7MemPool12GetFreeSpaceEv
                0x00106c3c       0x30 C:/devkitPro/libctru/lib\libctru.a(mem_pool.o)
                0x00106c3c                MemPool::GetFreeSpace()
 .text._ZL21addrMapNodeComparatorPK11rbtree_nodeS1_
                0x00106c6c       0x24 C:/devkitPro/libctru/lib\libctru.a(vram.o)
 .text._ZL21addrMapNodeDestructorP11rbtree_node
                0x00106c90        0x4 C:/devkitPro/libctru/lib\libctru.a(vram.o)
 .text.vramMemAlignAt
                0x00106c94      0x24c C:/devkitPro/libctru/lib\libctru.a(vram.o)
                0x00106c94                vramMemAlignAt
 .text.vramAlloc
                0x00106ee0        0xc C:/devkitPro/libctru/lib\libctru.a(vram.o)
                0x00106ee0                vramAlloc
 .text.vramAllocAt
                0x00106eec        0xc C:/devkitPro/libctru/lib\libctru.a(vram.o)
                0x00106eec                vramAllocAt
 .text.vramFree
                0x00106ef8       0x90 C:/devkitPro/libctru/lib\libctru.a(vram.o)
                0x00106ef8                vramFree
 .text.consoleHandleColorEsc
                0x00106f88      0x51c C:/devkitPro/libctru/lib\libctru.a(console.o)
 .text.consoleColorStateShift
                0x001074a4       0xb8 C:/devkitPro/libctru/lib\libctru.a(console.o)
 .text.consoleDrawChar
                0x0010755c      0x1ac C:/devkitPro/libctru/lib\libctru.a(console.o)
                0x0010755c                consoleDrawChar
 .text.consolePrintChar
                0x00107708      0x124 C:/devkitPro/libctru/lib\libctru.a(console.o)
                0x00107708                consolePrintChar
 .text.con_write
                0x0010782c      0x6f4 C:/devkitPro/libctru/lib\libctru.a(console.o)
                0x0010782c                con_write
 .text.newRow   0x00107f20       0xfc C:/devkitPro/libctru/lib\libctru.a(console.o)
 .text.consoleInit
                0x0010801c      0x18c C:/devkitPro/libctru/lib\libctru.a(console.o)
                0x0010801c                consoleInit
 .text.consoleClear
                0x001081a8       0xb8 C:/devkitPro/libctru/lib\libctru.a(console.o)
                0x001081a8                consoleClear
 .text.gfxPresentFramebuffer
                0x00108260       0xd0 C:/devkitPro/libctru/lib\libctru.a(gfx.o)
 .text.gfxIsWide
                0x00108330       0x1c C:/devkitPro/libctru/lib\libctru.a(gfx.o)
                0x00108330                gfxIsWide
 .text.gfxSetScreenFormat
                0x0010834c       0xec C:/devkitPro/libctru/lib\libctru.a(gfx.o)
                0x0010834c                gfxSetScreenFormat
 .text.gfxSetDoubleBuffering
                0x00108438       0x10 C:/devkitPro/libctru/lib\libctru.a(gfx.o)
                0x00108438                gfxSetDoubleBuffering
 .text.gfxInit  0x00108448       0xe0 C:/devkitPro/libctru/lib\libctru.a(gfx.o)
                0x00108448                gfxInit
 .text.gfxInitDefault
                0x00108528       0x10 C:/devkitPro/libctru/lib\libctru.a(gfx.o)
                0x00108528                gfxInitDefault
 .text.gfxExit  0x00108538       0xb4 C:/devkitPro/libctru/lib\libctru.a(gfx.o)
                0x00108538                gfxExit
 .text.gfxGetFramebuffer
                0x001085ec       0xa0 C:/devkitPro/libctru/lib\libctru.a(gfx.o)
                0x001085ec                gfxGetFramebuffer
 .text.gfxFlushBuffers
                0x0010868c      0x104 C:/devkitPro/libctru/lib\libctru.a(gfx.o)
                0x0010868c                gfxFlushBuffers
 .text.gfxScreenSwapBuffers
                0x00108790       0x30 C:/devkitPro/libctru/lib\libctru.a(gfx.o)
                0x00108790                gfxScreenSwapBuffers
 .text.gfxSwapBuffersGpu
                0x001087c0       0x50 C:/devkitPro/libctru/lib\libctru.a(gfx.o)
                0x001087c0                gfxSwapBuffersGpu
 .text.osConvertVirtToPhys
                0x00108810       0x74 C:/devkitPro/libctru/lib\libctru.a(os.o)
                0x00108810                osConvertVirtToPhys
 .text.osGetTimeRef
                0x00108884       0x54 C:/devkitPro/libctru/lib\libctru.a(os.o)
                0x00108884                osGetTimeRef
 .text.osGetTime
                0x001088d8       0xec C:/devkitPro/libctru/lib\libctru.a(os.o)
                0x001088d8                osGetTime
 .text.__ctru_speedup_config
                0x001089c4       0x34 C:/devkitPro/libctru/lib\libctru.a(os.o)
                0x001089c4                __ctru_speedup_config
 .text.romfs_close
                0x001089f8        0x8 C:/devkitPro/libctru/lib\libctru.a(romfs_dev.o)
 .text.romfs_seek
                0x00108a00       0xc4 C:/devkitPro/libctru/lib\libctru.a(romfs_dev.o)
 .text.romfs_dirreset
                0x00108ac4       0x24 C:/devkitPro/libctru/lib\libctru.a(romfs_dev.o)
 .text.fill_dir
                0x00108ae8       0xc8 C:/devkitPro/libctru/lib\libctru.a(romfs_dev.o)
 .text.romfs_dirnext
                0x00108bb0      0x2a8 C:/devkitPro/libctru/lib\libctru.a(romfs_dev.o)
 .text.romfs_free
                0x00108e58       0x84 C:/devkitPro/libctru/lib\libctru.a(romfs_dev.o)
 .text.searchForFile.constprop.0
                0x00108edc       0xd4 C:/devkitPro/libctru/lib\libctru.a(romfs_dev.o)
 .text.searchForDir.constprop.0
                0x00108fb0       0xd8 C:/devkitPro/libctru/lib\libctru.a(romfs_dev.o)
 .text.navigateToDir.constprop.0
                0x00109088      0x1c0 C:/devkitPro/libctru/lib\libctru.a(romfs_dev.o)
 .text.romfs_open
                0x00109248      0x10c C:/devkitPro/libctru/lib\libctru.a(romfs_dev.o)
 .text.romfs_chdir
                0x00109354       0x4c C:/devkitPro/libctru/lib\libctru.a(romfs_dev.o)
 .text.romfs_diropen
                0x001093a0       0x70 C:/devkitPro/libctru/lib\libctru.a(romfs_dev.o)
 .text.romfs_stat
                0x00109410      0x174 C:/devkitPro/libctru/lib\libctru.a(romfs_dev.o)
 .text.romfs_dirclose
                0x00109584        0x8 C:/devkitPro/libctru/lib\libctru.a(romfs_dev.o)
 *fill*         0x0010958c        0x4 
 .text.romfs_fstat
                0x00109590       0x84 C:/devkitPro/libctru/lib\libctru.a(romfs_dev.o)
 .text.romfs_read
                0x00109614       0xd0 C:/devkitPro/libctru/lib\libctru.a(romfs_dev.o)
 .text.romfsMountFromFile
                0x001096e4      0x28c C:/devkitPro/libctru/lib\libctru.a(romfs_dev.o)
                0x001096e4                romfsMountFromFile
 .text.romfsMountFromCurrentProcess
                0x00109970       0x98 C:/devkitPro/libctru/lib\libctru.a(romfs_dev.o)
                0x00109970                romfsMountFromCurrentProcess
 .text.romfsMountSelf
                0x00109a08      0x260 C:/devkitPro/libctru/lib\libctru.a(romfs_dev.o)
                0x00109a08                romfsMountSelf
 .text.romfsUnmount
                0x00109c68       0xa0 C:/devkitPro/libctru/lib\libctru.a(romfs_dev.o)
                0x00109c68                romfsUnmount
 .text.GPUCMD_Add
                0x00109d08      0x13c C:/devkitPro/libctru/lib\libctru.a(gpu.o)
                0x00109d08                GPUCMD_Add
 .text.GPUCMD_Split
                0x00109e44       0xb0 C:/devkitPro/libctru/lib\libctru.a(gpu.o)
                0x00109e44                GPUCMD_Split
 .text.f32tof16
                0x00109ef4       0x34 C:/devkitPro/libctru/lib\libctru.a(gpu.o)
                0x00109ef4                f32tof16
 .text.f32tof24
                0x00109f28       0x34 C:/devkitPro/libctru/lib\libctru.a(gpu.o)
                0x00109f28                f32tof24
 .text.f32tof31
                0x00109f5c       0x38 C:/devkitPro/libctru/lib\libctru.a(gpu.o)
                0x00109f5c                f32tof31
 .text.GX_BindQueue
                0x00109f94       0x10 C:/devkitPro/libctru/lib\libctru.a(gx.o)
                0x00109f94                GX_BindQueue
 .text.GX_ProcessCommandList
                0x00109fa4       0x78 C:/devkitPro/libctru/lib\libctru.a(gx.o)
                0x00109fa4                GX_ProcessCommandList
 .text.GX_MemoryFill
                0x0010a01c       0x74 C:/devkitPro/libctru/lib\libctru.a(gx.o)
                0x0010a01c                GX_MemoryFill
 .text.GX_DisplayTransfer
                0x0010a090       0x70 C:/devkitPro/libctru/lib\libctru.a(gx.o)
                0x0010a090                GX_DisplayTransfer
 .text.GX_TextureCopy
                0x0010a100       0x74 C:/devkitPro/libctru/lib\libctru.a(gx.o)
                0x0010a100                GX_TextureCopy
 .text.gxCmdQueueDoCommands.part.0
                0x0010a174       0x68 C:/devkitPro/libctru/lib\libctru.a(gxqueue.o)
 .text.gxCmdQueueInterrupt
                0x0010a1dc       0xc8 C:/devkitPro/libctru/lib\libctru.a(gxqueue.o)
                0x0010a1dc                gxCmdQueueInterrupt
 .text.gxCmdQueueClear
                0x0010a2a4       0x4c C:/devkitPro/libctru/lib\libctru.a(gxqueue.o)
                0x0010a2a4                gxCmdQueueClear
 .text.gxCmdQueueAdd
                0x0010a2f0       0xf8 C:/devkitPro/libctru/lib\libctru.a(gxqueue.o)
                0x0010a2f0                gxCmdQueueAdd
 .text.gxCmdQueueRun
                0x0010a3e8       0x80 C:/devkitPro/libctru/lib\libctru.a(gxqueue.o)
                0x0010a3e8                gxCmdQueueRun
 .text.gxCmdQueueStop
                0x0010a468       0x60 C:/devkitPro/libctru/lib\libctru.a(gxqueue.o)
                0x0010a468                gxCmdQueueStop
 .text.gxCmdQueueWait
                0x0010a4c8       0x8c C:/devkitPro/libctru/lib\libctru.a(gxqueue.o)
                0x0010a4c8                gxCmdQueueWait
 .text.shaderInstanceInit
                0x0010a554      0x1d0 C:/devkitPro/libctru/lib\libctru.a(shaderProgram.o)
                0x0010a554                shaderInstanceInit
 .text.shaderInstanceGetUniformLocation
                0x0010a724       0x18 C:/devkitPro/libctru/lib\libctru.a(shaderProgram.o)
                0x0010a724                shaderInstanceGetUniformLocation
 .text.shaderProgramInit
                0x0010a73c       0x1c C:/devkitPro/libctru/lib\libctru.a(shaderProgram.o)
                0x0010a73c                shaderProgramInit
 .text.shaderProgramFree
                0x0010a758       0x64 C:/devkitPro/libctru/lib\libctru.a(shaderProgram.o)
                0x0010a758                shaderProgramFree
 .text.shaderProgramSetVsh
                0x0010a7bc       0x80 C:/devkitPro/libctru/lib\libctru.a(shaderProgram.o)
                0x0010a7bc                shaderProgramSetVsh
 .text.shaderProgramConfigure
                0x0010a83c      0x8e0 C:/devkitPro/libctru/lib\libctru.a(shaderProgram.o)
                0x0010a83c                shaderProgramConfigure
 .text.DVLE_GenerateOutmap.part.0
                0x0010b11c      0x1cc C:/devkitPro/libctru/lib\libctru.a(shbin.o)
 .text.DVLB_ParseFile
                0x0010b2e8      0x1b4 C:/devkitPro/libctru/lib\libctru.a(shbin.o)
                0x0010b2e8                DVLB_ParseFile
 .text.DVLB_Free
                0x0010b49c       0x38 C:/devkitPro/libctru/lib\libctru.a(shbin.o)
                0x0010b49c                DVLB_Free
 .text.DVLE_GetUniformRegister
                0x0010b4d4       0x74 C:/devkitPro/libctru/lib\libctru.a(shbin.o)
                0x0010b4d4                DVLE_GetUniformRegister
 .text.aptConvertScreenForCapture
                0x0010b548      0x1ac C:/devkitPro/libctru/lib\libctru.a(apt.o)
 .text.aptDspSleep
                0x0010b6f4        0x8 C:/devkitPro/libctru/lib\libctru.a(apt.o)
                0x0010b6f4                aptDspSleep
 .text.aptDspWakeup
                0x0010b6fc        0x4 C:/devkitPro/libctru/lib\libctru.a(apt.o)
                0x0010b6fc                aptDspWakeup
 .text.aptDspCancel
                0x0010b700        0x4 C:/devkitPro/libctru/lib\libctru.a(apt.o)
                0x0010b700                aptDspCancel
 .text.aptSendCommand
                0x0010b704      0x158 C:/devkitPro/libctru/lib\libctru.a(apt.o)
                0x0010b704                aptSendCommand
 *fill*         0x0010b85c        0x4 
 .text.aptExitProcess
                0x0010b860       0x44 C:/devkitPro/libctru/lib\libctru.a(apt.o)
 .text.aptExit  0x0010b8a4      0x38c C:/devkitPro/libctru/lib\libctru.a(apt.o)
                0x0010b8a4                aptExit
 .text.aptHandleSleep
                0x0010bc30       0xe0 C:/devkitPro/libctru/lib\libctru.a(apt.o)
                0x0010bc30                aptHandleSleep
 .text.aptHook  0x0010bd10       0x30 C:/devkitPro/libctru/lib\libctru.a(apt.o)
                0x0010bd10                aptHook
 .text.aptUnhook
                0x0010bd40       0x30 C:/devkitPro/libctru/lib\libctru.a(apt.o)
                0x0010bd40                aptUnhook
 .text.APT_SleepIfShellClosed
                0x0010bd70       0x84 C:/devkitPro/libctru/lib\libctru.a(apt.o)
                0x0010bd70                APT_SleepIfShellClosed
 .text.aptSetSleepAllowed
                0x0010bdf4       0x84 C:/devkitPro/libctru/lib\libctru.a(apt.o)
                0x0010bdf4                aptSetSleepAllowed
 .text.APT_UnlockTransition
                0x0010be78       0x84 C:/devkitPro/libctru/lib\libctru.a(apt.o)
                0x0010be78                APT_UnlockTransition
 *fill*         0x0010befc        0x4 
 .text.aptEventHandler
                0x0010bf00      0x4a4 C:/devkitPro/libctru/lib\libctru.a(apt.o)
 .text.APT_ReceiveParameter
                0x0010c3a4       0xb0 C:/devkitPro/libctru/lib\libctru.a(apt.o)
                0x0010c3a4                APT_ReceiveParameter
 .text.aptReceiveParameter.constprop.0
                0x0010c454       0xac C:/devkitPro/libctru/lib\libctru.a(apt.o)
 .text.aptScreenTransfer
                0x0010c500      0x2ac C:/devkitPro/libctru/lib\libctru.a(apt.o)
 .text.aptWaitForWakeUp.isra.0
                0x0010c7ac      0x320 C:/devkitPro/libctru/lib\libctru.a(apt.o)
 .text.aptJumpToHomeMenu
                0x0010cacc       0xf8 C:/devkitPro/libctru/lib\libctru.a(apt.o)
                0x0010cacc                aptJumpToHomeMenu
 .text.aptMainLoop
                0x0010cbc4       0x48 C:/devkitPro/libctru/lib\libctru.a(apt.o)
                0x0010cbc4                aptMainLoop
 .text.aptInit  0x0010cc0c      0x22c C:/devkitPro/libctru/lib\libctru.a(apt.o)
                0x0010cc0c                aptInit
 .text.APT_CheckNew3DS
                0x0010ce38       0x7c C:/devkitPro/libctru/lib\libctru.a(apt.o)
                0x0010ce38                APT_CheckNew3DS
 .text.fsInit   0x0010ceb4       0xcc C:/devkitPro/libctru/lib\libctru.a(fs.o)
                0x0010ceb4                fsInit
 .text.fsExit   0x0010cf80       0x3c C:/devkitPro/libctru/lib\libctru.a(fs.o)
                0x0010cf80                fsExit
 .text.fsExemptFromSession
                0x0010cfbc       0x60 C:/devkitPro/libctru/lib\libctru.a(fs.o)
                0x0010cfbc                fsExemptFromSession
 .text.fsUnexemptFromSession
                0x0010d01c       0x50 C:/devkitPro/libctru/lib\libctru.a(fs.o)
                0x0010d01c                fsUnexemptFromSession
 .text.FSUSER_OpenFile
                0x0010d06c       0xcc C:/devkitPro/libctru/lib\libctru.a(fs.o)
                0x0010d06c                FSUSER_OpenFile
 .text.FSUSER_OpenFileDirectly
                0x0010d138       0xd4 C:/devkitPro/libctru/lib\libctru.a(fs.o)
                0x0010d138                FSUSER_OpenFileDirectly
 .text.FSUSER_DeleteFile
                0x0010d20c       0xbc C:/devkitPro/libctru/lib\libctru.a(fs.o)
                0x0010d20c                FSUSER_DeleteFile
 .text.FSUSER_RenameFile
                0x0010d2c8       0xf8 C:/devkitPro/libctru/lib\libctru.a(fs.o)
                0x0010d2c8                FSUSER_RenameFile
 .text.FSUSER_DeleteDirectory
                0x0010d3c0       0xbc C:/devkitPro/libctru/lib\libctru.a(fs.o)
                0x0010d3c0                FSUSER_DeleteDirectory
 .text.FSUSER_CreateFile
                0x0010d47c       0xd4 C:/devkitPro/libctru/lib\libctru.a(fs.o)
                0x0010d47c                FSUSER_CreateFile
 .text.FSUSER_CreateDirectory
                0x0010d550       0xc4 C:/devkitPro/libctru/lib\libctru.a(fs.o)
                0x0010d550                FSUSER_CreateDirectory
 .text.FSUSER_RenameDirectory
                0x0010d614       0xf8 C:/devkitPro/libctru/lib\libctru.a(fs.o)
                0x0010d614                FSUSER_RenameDirectory
 .text.FSUSER_OpenDirectory
                0x0010d70c       0xb4 C:/devkitPro/libctru/lib\libctru.a(fs.o)
                0x0010d70c                FSUSER_OpenDirectory
 .text.FSUSER_OpenArchive
                0x0010d7c0       0x94 C:/devkitPro/libctru/lib\libctru.a(fs.o)
                0x0010d7c0                FSUSER_OpenArchive
 .text.FSUSER_CloseArchive
                0x0010d854       0x8c C:/devkitPro/libctru/lib\libctru.a(fs.o)
                0x0010d854                FSUSER_CloseArchive
 .text.FSUSER_GetSdmcArchiveResource
                0x0010d8e0       0x74 C:/devkitPro/libctru/lib\libctru.a(fs.o)
                0x0010d8e0                FSUSER_GetSdmcArchiveResource
 .text.FSUSER_IsSdmcWritable
                0x0010d954       0x64 C:/devkitPro/libctru/lib\libctru.a(fs.o)
                0x0010d954                FSUSER_IsSdmcWritable
 .text.FSFILE_Read
                0x0010d9b8       0x58 C:/devkitPro/libctru/lib\libctru.a(fs.o)
                0x0010d9b8                FSFILE_Read
 .text.FSFILE_Write
                0x0010da10       0x60 C:/devkitPro/libctru/lib\libctru.a(fs.o)
                0x0010da10                FSFILE_Write
 .text.FSFILE_GetSize
                0x0010da70       0x38 C:/devkitPro/libctru/lib\libctru.a(fs.o)
                0x0010da70                FSFILE_GetSize
 .text.FSFILE_SetSize
                0x0010daa8       0x28 C:/devkitPro/libctru/lib\libctru.a(fs.o)
                0x0010daa8                FSFILE_SetSize
 .text.FSFILE_Close
                0x0010dad0       0x3c C:/devkitPro/libctru/lib\libctru.a(fs.o)
                0x0010dad0                FSFILE_Close
 .text.FSFILE_Flush
                0x0010db0c       0x24 C:/devkitPro/libctru/lib\libctru.a(fs.o)
                0x0010db0c                FSFILE_Flush
 .text.FSDIR_Read
                0x0010db30       0x50 C:/devkitPro/libctru/lib\libctru.a(fs.o)
                0x0010db30                FSDIR_Read
 .text.FSDIR_Close
                0x0010db80       0x3c C:/devkitPro/libctru/lib\libctru.a(fs.o)
                0x0010db80                FSDIR_Close
 .text.gspHardwareInit
                0x0010dbbc      0xc64 C:/devkitPro/libctru/lib\libctru.a(gspgpu.o)
 .text.gspInit  0x0010e820      0x248 C:/devkitPro/libctru/lib\libctru.a(gspgpu.o)
                0x0010e820                gspInit
 .text.gspExit  0x0010ea68       0xf0 C:/devkitPro/libctru/lib\libctru.a(gspgpu.o)
                0x0010ea68                gspExit
 .text.gspHasGpuRight
                0x0010eb58       0x10 C:/devkitPro/libctru/lib\libctru.a(gspgpu.o)
                0x0010eb58                gspHasGpuRight
 .text.gspPresentBuffer
                0x0010eb68       0xa0 C:/devkitPro/libctru/lib\libctru.a(gspgpu.o)
                0x0010eb68                gspPresentBuffer
 .text.gspSetEventCallback
                0x0010ec08       0x30 C:/devkitPro/libctru/lib\libctru.a(gspgpu.o)
                0x0010ec08                gspSetEventCallback
 .text.gspWaitForEvent
                0x0010ec38       0x44 C:/devkitPro/libctru/lib\libctru.a(gspgpu.o)
                0x0010ec38                gspWaitForEvent
 .text.gspWaitForAnyEvent
                0x0010ec7c       0x4c C:/devkitPro/libctru/lib\libctru.a(gspgpu.o)
                0x0010ec7c                gspWaitForAnyEvent
 .text.gspEventThreadMain
                0x0010ecc8      0x158 C:/devkitPro/libctru/lib\libctru.a(gspgpu.o)
 .text.gspSubmitGxCommand
                0x0010ee20      0x130 C:/devkitPro/libctru/lib\libctru.a(gspgpu.o)
                0x0010ee20                gspSubmitGxCommand
 .text.GSPGPU_FlushDataCache
                0x0010ef50       0x50 C:/devkitPro/libctru/lib\libctru.a(gspgpu.o)
                0x0010ef50                GSPGPU_FlushDataCache
 .text.GSPGPU_SetLcdForceBlack
                0x0010efa0       0x34 C:/devkitPro/libctru/lib\libctru.a(gspgpu.o)
                0x0010efa0                GSPGPU_SetLcdForceBlack
 .text.GSPGPU_AcquireRight
                0x0010efd4       0x68 C:/devkitPro/libctru/lib\libctru.a(gspgpu.o)
                0x0010efd4                GSPGPU_AcquireRight
 .text.GSPGPU_ReleaseRight
                0x0010f03c       0x48 C:/devkitPro/libctru/lib\libctru.a(gspgpu.o)
                0x0010f03c                GSPGPU_ReleaseRight
 .text.GSPGPU_ImportDisplayCaptureInfo
                0x0010f084       0x7c C:/devkitPro/libctru/lib\libctru.a(gspgpu.o)
                0x0010f084                GSPGPU_ImportDisplayCaptureInfo
 .text.GSPGPU_SaveVramSysArea
                0x0010f100       0x2c C:/devkitPro/libctru/lib\libctru.a(gspgpu.o)
                0x0010f100                GSPGPU_SaveVramSysArea
 .text.GSPGPU_RestoreVramSysArea
                0x0010f12c       0x2c C:/devkitPro/libctru/lib\libctru.a(gspgpu.o)
                0x0010f12c                GSPGPU_RestoreVramSysArea
 .text.hidShouldUseIrrst
                0x0010f158       0x24 C:/devkitPro/libctru/lib\libctru.a(hid.o)
                0x0010f158                hidShouldUseIrrst
 .text.hidInit  0x0010f17c      0x18c C:/devkitPro/libctru/lib\libctru.a(hid.o)
                0x0010f17c                hidInit
 .text.hidExit  0x0010f308       0xe8 C:/devkitPro/libctru/lib\libctru.a(hid.o)
                0x0010f308                hidExit
 .text.hidScanInput
                0x0010f3f0      0x2a4 C:/devkitPro/libctru/lib\libctru.a(hid.o)
                0x0010f3f0                hidScanInput
 .text.hidKeysHeld
                0x0010f694       0x10 C:/devkitPro/libctru/lib\libctru.a(hid.o)
                0x0010f694                hidKeysHeld
 .text.hidKeysDown
                0x0010f6a4       0x10 C:/devkitPro/libctru/lib\libctru.a(hid.o)
                0x0010f6a4                hidKeysDown
 .text.hidKeysUp
                0x0010f6b4       0x10 C:/devkitPro/libctru/lib\libctru.a(hid.o)
                0x0010f6b4                hidKeysUp
 .text.irrstInit
                0x0010f6c4      0x160 C:/devkitPro/libctru/lib\libctru.a(irrst.o)
                0x0010f6c4                irrstInit
 .text.irrstExit
                0x0010f824       0xcc C:/devkitPro/libctru/lib\libctru.a(irrst.o)
                0x0010f824                irrstExit
 .text.irrstScanInput
                0x0010f8f0       0xb4 C:/devkitPro/libctru/lib\libctru.a(irrst.o)
                0x0010f8f0                irrstScanInput
 .text.irrstKeysHeld
                0x0010f9a4       0x24 C:/devkitPro/libctru/lib\libctru.a(irrst.o)
                0x0010f9a4                irrstKeysHeld
 .text.ptmSysmInit
                0x0010f9c8       0x74 C:/devkitPro/libctru/lib\libctru.a(ptmsysm.o)
                0x0010f9c8                ptmSysmInit
 .text.ptmSysmExit
                0x0010fa3c       0x3c C:/devkitPro/libctru/lib\libctru.a(ptmsysm.o)
                0x0010fa3c                ptmSysmExit
 .text.PTMSYSM_ConfigureNew3DSCPU
                0x0010fa78       0x34 C:/devkitPro/libctru/lib\libctru.a(ptmsysm.o)
                0x0010fa78                PTMSYSM_ConfigureNew3DSCPU
 .text.buffer_read
                0x0010faac       0xc4 C:/devkitPro/libctru/lib\libctru.a(decompress.o)
 .text.iov_read
                0x0010fb70       0xcc C:/devkitPro/libctru/lib\libctru.a(decompress.o)
 .text.iov_memmove
                0x0010fc3c      0x148 C:/devkitPro/libctru/lib\libctru.a(decompress.o)
 .text.decompress_rle
                0x0010fd84      0x1dc C:/devkitPro/libctru/lib\libctru.a(decompress.o)
 .text.decompress_lzss
                0x0010ff60      0x244 C:/devkitPro/libctru/lib\libctru.a(decompress.o)
 .text.decompress_lz11
                0x001101a4      0x428 C:/devkitPro/libctru/lib\libctru.a(decompress.o)
 .text.decompress_huff
                0x001105cc      0x2d4 C:/devkitPro/libctru/lib\libctru.a(decompress.o)
 .text.decompressCallback_Stdio
                0x001108a0       0x10 C:/devkitPro/libctru/lib\libctru.a(decompress.o)
                0x001108a0                decompressCallback_Stdio
 .text.decompressHeader
                0x001108b0       0xdc C:/devkitPro/libctru/lib\libctru.a(decompress.o)
                0x001108b0                decompressHeader
 .text.decompressV
                0x0011098c      0x240 C:/devkitPro/libctru/lib\libctru.a(decompress.o)
                0x0011098c                decompressV
 .text.rbtree_find
                0x00110bcc       0x74 C:/devkitPro/libctru/lib\libctru.a(rbtree_find.o)
                0x00110bcc                rbtree_find
 .text.rbtree_init
                0x00110c40       0x10 C:/devkitPro/libctru/lib\libctru.a(rbtree_init.o)
                0x00110c40                rbtree_init
 .text.do_insert
                0x00110c50      0x1b0 C:/devkitPro/libctru/lib\libctru.a(rbtree_insert.o)
 .text.rbtree_insert
                0x00110e00        0x8 C:/devkitPro/libctru/lib\libctru.a(rbtree_insert.o)
                0x00110e00                rbtree_insert
 .text.rbtree_remove
                0x00110e08      0x318 C:/devkitPro/libctru/lib\libctru.a(rbtree_remove.o)
                0x00110e08                rbtree_remove
 .text.rbtree_rotate
                0x00111120       0x90 C:/devkitPro/libctru/lib\libctru.a(rbtree_rotate.o)
                0x00111120                rbtree_rotate
 .text.utf16_to_utf8
                0x001111b0       0xe8 C:/devkitPro/libctru/lib\libctru.a(utf16_to_utf8.o)
                0x001111b0                utf16_to_utf8
 .text.utf8_to_utf16
                0x00111298       0xc0 C:/devkitPro/libctru/lib\libctru.a(utf8_to_utf16.o)
                0x00111298                utf8_to_utf16
 .text.__system_allocateHeaps
                0x00111358      0x1e0 C:/devkitPro/libctru/lib\libctru.a(allocateHeaps.o)
                0x00111358                __system_allocateHeaps
 .text.__libctru_init
                0x00111538       0x38 C:/devkitPro/libctru/lib\libctru.a(ctru_init.o)
                0x00111538                __libctru_init
 .text.__system_initArgv
                0x00111570      0x170 C:/devkitPro/libctru/lib\libctru.a(initArgv.o)
                0x00111570                __system_initArgv
 .text.__syscall_getreent
                0x001116e0       0x30 C:/devkitPro/libctru/lib\libctru.a(syscalls.o)
                0x001116e0                __syscall_getreent
 .text.__syscall_gettod_r
                0x00111710       0x64 C:/devkitPro/libctru/lib\libctru.a(syscalls.o)
                0x00111710                __syscall_gettod_r
 .text.__syscall_lock_acquire
                0x00111774        0x4 C:/devkitPro/libctru/lib\libctru.a(syscalls.o)
                0x00111774                __syscall_lock_acquire
 .text.__syscall_lock_release
                0x00111778        0x4 C:/devkitPro/libctru/lib\libctru.a(syscalls.o)
                0x00111778                __syscall_lock_release
 .text.__syscall_lock_acquire_recursive
                0x0011177c        0x4 C:/devkitPro/libctru/lib\libctru.a(syscalls.o)
                0x0011177c                __syscall_lock_acquire_recursive
 .text.__syscall_lock_release_recursive
                0x00111780        0x4 C:/devkitPro/libctru/lib\libctru.a(syscalls.o)
                0x00111780                __syscall_lock_release_recursive
 .text.__syscall_exit
                0x00111784        0x4 C:/devkitPro/libctru/lib\libctru.a(syscalls.o)
                0x00111784                __syscall_exit
 .text.initThreadVars
                0x00111788       0x50 C:/devkitPro/libctru/lib\libctru.a(syscalls.o)
                0x00111788                initThreadVars
 .text.__system_initSyscalls
                0x001117d8       0x80 C:/devkitPro/libctru/lib\libctru.a(syscalls.o)
                0x001117d8                __system_initSyscalls
 .text.svcControlMemory
                0x00111858       0x20 C:/devkitPro/libctru/lib\libctru.a(svc.o)
                0x00111858                svcControlMemory
 .text.svcQueryMemory
                0x00111878       0x30 C:/devkitPro/libctru/lib\libctru.a(svc.o)
                0x00111878                svcQueryMemory
 .text.svcExitProcess
                0x001118a8        0x8 C:/devkitPro/libctru/lib\libctru.a(svc.o)
                0x001118a8                svcExitProcess
 .text.svcCreateThread
                0x001118b0       0x20 C:/devkitPro/libctru/lib\libctru.a(svc.o)
                0x001118b0                svcCreateThread
 .text.svcExitThread
                0x001118d0        0x8 C:/devkitPro/libctru/lib\libctru.a(svc.o)
                0x001118d0                svcExitThread
 .text.svcSleepThread
                0x001118d8        0x8 C:/devkitPro/libctru/lib\libctru.a(svc.o)
                0x001118d8                svcSleepThread
 .text.svcReleaseMutex
                0x001118e0        0x8 C:/devkitPro/libctru/lib\libctru.a(svc.o)
                0x001118e0                svcReleaseMutex
 .text.svcCreateEvent
                0x001118e8       0x14 C:/devkitPro/libctru/lib\libctru.a(svc.o)
                0x001118e8                svcCreateEvent
 .text.svcSignalEvent
                0x001118fc        0x8 C:/devkitPro/libctru/lib\libctru.a(svc.o)
                0x001118fc                svcSignalEvent
 .text.svcClearEvent
                0x00111904        0x8 C:/devkitPro/libctru/lib\libctru.a(svc.o)
                0x00111904                svcClearEvent
 .text.svcMapMemoryBlock
                0x0011190c        0x8 C:/devkitPro/libctru/lib\libctru.a(svc.o)
                0x0011190c                svcMapMemoryBlock
 .text.svcUnmapMemoryBlock
                0x00111914        0x8 C:/devkitPro/libctru/lib\libctru.a(svc.o)
                0x00111914                svcUnmapMemoryBlock
 .text.svcCreateAddressArbiter
                0x0011191c       0x14 C:/devkitPro/libctru/lib\libctru.a(svc.o)
                0x0011191c                svcCreateAddressArbiter
 .text.svcArbitrateAddressNoTimeout
                0x00111930        0x8 C:/devkitPro/libctru/lib\libctru.a(svc.o)
                0x00111930                svcArbitrateAddressNoTimeout
 .text.svcCloseHandle
                0x00111938        0x8 C:/devkitPro/libctru/lib\libctru.a(svc.o)
                0x00111938                svcCloseHandle
 .text.svcWaitSynchronization
                0x00111940        0x8 C:/devkitPro/libctru/lib\libctru.a(svc.o)
                0x00111940                svcWaitSynchronization
 .text.svcWaitSynchronizationN
                0x00111948       0x28 C:/devkitPro/libctru/lib\libctru.a(svc.o)
                0x00111948                svcWaitSynchronizationN
 .text.svcDuplicateHandle
                0x00111970       0x14 C:/devkitPro/libctru/lib\libctru.a(svc.o)
                0x00111970                svcDuplicateHandle
 .text.svcGetSystemTick
                0x00111984        0x8 C:/devkitPro/libctru/lib\libctru.a(svc.o)
                0x00111984                svcGetSystemTick
 .text.svcConnectToPort
                0x0011198c       0x14 C:/devkitPro/libctru/lib\libctru.a(svc.o)
                0x0011198c                svcConnectToPort
 .text.svcSendSyncRequest
                0x001119a0        0x8 C:/devkitPro/libctru/lib\libctru.a(svc.o)
                0x001119a0                svcSendSyncRequest
 .text.svcGetResourceLimit
                0x001119a8       0x14 C:/devkitPro/libctru/lib\libctru.a(svc.o)
                0x001119a8                svcGetResourceLimit
 .text.svcGetResourceLimitLimitValues
                0x001119bc        0x8 C:/devkitPro/libctru/lib\libctru.a(svc.o)
                0x001119bc                svcGetResourceLimitLimitValues
 .text.svcGetResourceLimitCurrentValues
                0x001119c4        0x8 C:/devkitPro/libctru/lib\libctru.a(svc.o)
                0x001119c4                svcGetResourceLimitCurrentValues
 .text.svcBreak
                0x001119cc        0x8 C:/devkitPro/libctru/lib\libctru.a(svc.o)
                0x001119cc                svcBreak
 .text.__aeabi_read_tp
                0x001119d4        0xc C:/devkitPro/libctru/lib\libctru.a(readtp.o)
                0x001119d4                __aeabi_read_tp
 .text.initSystem
                0x001119e0       0x50 C:/devkitPro/libctru/lib\libctru.a(stack_adjust.o)
                0x001119e0                initSystem
 .text.__ctru_exit
                0x00111a30       0x14 C:/devkitPro/libctru/lib\libctru.a(stack_adjust.o)
                0x00111a30                __ctru_exit
 .text.envGetHandle
                0x00111a44       0x84 C:/devkitPro/libctru/lib\libctru.a(env.o)
                0x00111a44                envGetHandle
 .text.envDestroyHandles
                0x00111ac8       0x50 C:/devkitPro/libctru/lib\libctru.a(env.o)
                0x00111ac8                envDestroyHandles
 .text.srvInit  0x00111b18      0x12c C:/devkitPro/libctru/lib\libctru.a(srv.o)
                0x00111b18                srvInit
 .text.srvExit  0x00111c44       0x58 C:/devkitPro/libctru/lib\libctru.a(srv.o)
                0x00111c44                srvExit
 .text.srvEnableNotification
                0x00111c9c       0x60 C:/devkitPro/libctru/lib\libctru.a(srv.o)
                0x00111c9c                srvEnableNotification
 .text.srvGetServiceHandleDirect
                0x00111cfc       0xa0 C:/devkitPro/libctru/lib\libctru.a(srv.o)
                0x00111cfc                srvGetServiceHandleDirect
 .text.srvGetServiceHandle
                0x00111d9c       0x38 C:/devkitPro/libctru/lib\libctru.a(srv.o)
                0x00111d9c                srvGetServiceHandle
 .text.srvSubscribe
                0x00111dd4       0x34 C:/devkitPro/libctru/lib\libctru.a(srv.o)
                0x00111dd4                srvSubscribe
 .text.srvReceiveNotification
                0x00111e08       0x60 C:/devkitPro/libctru/lib\libctru.a(srv.o)
                0x00111e08                srvReceiveNotification
 .text.srvPublishToSubscriber
                0x00111e68       0x38 C:/devkitPro/libctru/lib\libctru.a(srv.o)
                0x00111e68                srvPublishToSubscriber
 .text.__sync_init
                0x00111ea0        0xc C:/devkitPro/libctru/lib\libctru.a(synchronization.o)
                0x00111ea0                __sync_init
 .text.__sync_fini
                0x00111eac       0x18 C:/devkitPro/libctru/lib\libctru.a(synchronization.o)
                0x00111eac                __sync_fini
 .text.syncArbitrateAddress
                0x00111ec4       0x2c C:/devkitPro/libctru/lib\libctru.a(synchronization.o)
                0x00111ec4                syncArbitrateAddress
 .text.LightLock_Lock
                0x00111ef0       0xac C:/devkitPro/libctru/lib\libctru.a(synchronization.o)
                0x00111ef0                LightLock_Lock
 .text.LightLock_Unlock
                0x00111f9c       0x40 C:/devkitPro/libctru/lib\libctru.a(synchronization.o)
                0x00111f9c                LightLock_Unlock
 .text.RecursiveLock_Lock
                0x00111fdc       0x30 C:/devkitPro/libctru/lib\libctru.a(synchronization.o)
                0x00111fdc                RecursiveLock_Lock
 .text.RecursiveLock_Unlock
                0x0011200c       0x54 C:/devkitPro/libctru/lib\libctru.a(synchronization.o)
                0x0011200c                RecursiveLock_Unlock
 .text.LightEvent_Init
                0x00112060       0x40 C:/devkitPro/libctru/lib\libctru.a(synchronization.o)
                0x00112060                LightEvent_Init
 .text.LightEvent_Clear
                0x001120a0       0xa4 C:/devkitPro/libctru/lib\libctru.a(synchronization.o)
                0x001120a0                LightEvent_Clear
 .text.LightEvent_Signal
                0x00112144       0xc8 C:/devkitPro/libctru/lib\libctru.a(synchronization.o)
                0x00112144                LightEvent_Signal
 .text.LightEvent_TryWait
                0x0011220c       0x50 C:/devkitPro/libctru/lib\libctru.a(synchronization.o)
                0x0011220c                LightEvent_TryWait
 .text.LightEvent_Wait
                0x0011225c       0xa0 C:/devkitPro/libctru/lib\libctru.a(synchronization.o)
                0x0011225c                LightEvent_Wait
 .text.threadCreate
                0x001122fc      0x1d8 C:/devkitPro/libctru/lib\libctru.a(thread.o)
                0x001122fc                threadCreate
 .text.threadFree
                0x001124d4       0x2c C:/devkitPro/libctru/lib\libctru.a(thread.o)
                0x001124d4                threadFree
 .text.threadJoin
                0x00112500       0x24 C:/devkitPro/libctru/lib\libctru.a(thread.o)
                0x00112500                threadJoin
 .text.threadGetCurrent
                0x00112524       0x30 C:/devkitPro/libctru/lib\libctru.a(thread.o)
                0x00112524                threadGetCurrent
 .text.threadExit
                0x00112554       0x40 C:/devkitPro/libctru/lib\libctru.a(thread.o)
                0x00112554                threadExit
 .text._thread_begin
                0x00112594       0x20 C:/devkitPro/libctru/lib\libctru.a(thread.o)
 .text.mappableFindAddressWithin
                0x001125b4       0xb4 C:/devkitPro/libctru/lib\libctru.a(mappable.o)
 .text.mappableInit
                0x00112668       0x28 C:/devkitPro/libctru/lib\libctru.a(mappable.o)
                0x00112668                mappableInit
 .text.mappableAlloc
                0x00112690       0x80 C:/devkitPro/libctru/lib\libctru.a(mappable.o)
                0x00112690                mappableAlloc
 .text.mappableFree
                0x00112710        0x4 C:/devkitPro/libctru/lib\libctru.a(mappable.o)
                0x00112710                mappableFree
 .text.srvPmGetSessionHandle
                0x00112714        0xc C:/devkitPro/libctru/lib\libctru.a(srvpm.o)
                0x00112714                srvPmGetSessionHandle
 .text.rbtree_node_next
                0x00112720       0x5c C:/devkitPro/libctru/lib\libctru.a(rbtree_iterator.o)
                0x00112720                rbtree_node_next
 .text.decode_utf16
                0x0011277c       0x64 C:/devkitPro/libctru/lib\libctru.a(decode_utf16.o)
                0x0011277c                decode_utf16
 .text.decode_utf8
                0x001127e0      0x13c C:/devkitPro/libctru/lib\libctru.a(decode_utf8.o)
                0x001127e0                decode_utf8
 .text.encode_utf16
                0x0011291c       0x54 C:/devkitPro/libctru/lib\libctru.a(encode_utf16.o)
                0x0011291c                encode_utf16
 .text.encode_utf8
                0x00112970       0xe0 C:/devkitPro/libctru/lib\libctru.a(encode_utf8.o)
                0x00112970                encode_utf8
 .text.__appExit
                0x00112a50       0x30 C:/devkitPro/libctru/lib\libctru.a(appExit.o)
                0x00112a50                __appExit
 .text.__appInit
                0x00112a80       0x30 C:/devkitPro/libctru/lib\libctru.a(appInit.o)
                0x00112a80                __appInit
 .text.__libctru_exit
                0x00112ab0       0x90 C:/devkitPro/libctru/lib\libctru.a(ctru_exit.o)
                0x00112ab0                __libctru_exit
 .text.archive_link
                0x00112b40       0x14 C:/devkitPro/libctru/lib\libctru.a(archive_dev.o)
 .text.archive_dirreset
                0x00112b54       0x14 C:/devkitPro/libctru/lib\libctru.a(archive_dev.o)
 .text.archive_chmod
                0x00112b68       0x14 C:/devkitPro/libctru/lib\libctru.a(archive_dev.o)
 .text.error_cmp
                0x00112b7c       0x24 C:/devkitPro/libctru/lib\libctru.a(archive_dev.o)
 .text.archive_translate_error
                0x00112ba0       0x50 C:/devkitPro/libctru/lib\libctru.a(archive_dev.o)
 .text.archive_seek
                0x00112bf0       0xc8 C:/devkitPro/libctru/lib\libctru.a(archive_dev.o)
 .text._archiveInit.part.0
                0x00112cb8       0x7c C:/devkitPro/libctru/lib\libctru.a(archive_dev.o)
 .text.archiveFindDevice.part.0
                0x00112d34       0xc4 C:/devkitPro/libctru/lib\libctru.a(archive_dev.o)
 .text.archive_utf16path
                0x00112df8      0x280 C:/devkitPro/libctru/lib\libctru.a(archive_dev.o)
 .text._archiveUnmountDeviceStruct.part.0
                0x00113078       0x9c C:/devkitPro/libctru/lib\libctru.a(archive_dev.o)
 .text.archive_fchmod
                0x00113114       0x14 C:/devkitPro/libctru/lib\libctru.a(archive_dev.o)
 .text.archive_statvfs
                0x00113128       0x14 C:/devkitPro/libctru/lib\libctru.a(archive_dev.o)
 .text._archiveMountDevice
                0x0011313c      0x164 C:/devkitPro/libctru/lib\libctru.a(archive_dev.o)
 .text.archive_diropen
                0x001132a0       0xe8 C:/devkitPro/libctru/lib\libctru.a(archive_dev.o)
 .text.archive_fstat
                0x00113388       0xa4 C:/devkitPro/libctru/lib\libctru.a(archive_dev.o)
 .text.archive_fsync
                0x0011342c       0x6c C:/devkitPro/libctru/lib\libctru.a(archive_dev.o)
 .text.archive_close
                0x00113498       0x6c C:/devkitPro/libctru/lib\libctru.a(archive_dev.o)
 .text.archive_dirclose
                0x00113504       0x70 C:/devkitPro/libctru/lib\libctru.a(archive_dev.o)
 .text.sdmc_statvfs
                0x00113574       0xe8 C:/devkitPro/libctru/lib\libctru.a(archive_dev.o)
 .text.archive_chdir
                0x0011365c       0xec C:/devkitPro/libctru/lib\libctru.a(archive_dev.o)
 .text.archive_ftruncate
                0x00113748       0x7c C:/devkitPro/libctru/lib\libctru.a(archive_dev.o)
 .text.archive_read
                0x001137c4       0xac C:/devkitPro/libctru/lib\libctru.a(archive_dev.o)
 .text.archive_unlink
                0x00113870       0xa4 C:/devkitPro/libctru/lib\libctru.a(archive_dev.o)
 .text.archive_rmdir
                0x00113914       0xbc C:/devkitPro/libctru/lib\libctru.a(archive_dev.o)
 .text.archive_mkdir
                0x001139d0       0xdc C:/devkitPro/libctru/lib\libctru.a(archive_dev.o)
 .text.archive_stat
                0x00113aac      0x194 C:/devkitPro/libctru/lib\libctru.a(archive_dev.o)
 .text.archive_dirnext
                0x00113c40      0x160 C:/devkitPro/libctru/lib\libctru.a(archive_dev.o)
 .text.archive_write
                0x00113da0      0x124 C:/devkitPro/libctru/lib\libctru.a(archive_dev.o)
 .text.archive_open
                0x00113ec4      0x20c C:/devkitPro/libctru/lib\libctru.a(archive_dev.o)
 .text.archive_rename
                0x001140d0      0x278 C:/devkitPro/libctru/lib\libctru.a(archive_dev.o)
 .text.archiveMountSdmc
                0x00114348      0x19c C:/devkitPro/libctru/lib\libctru.a(archive_dev.o)
                0x00114348                archiveMountSdmc
 .text.archiveUnmountAll
                0x001144e4       0x54 C:/devkitPro/libctru/lib\libctru.a(archive_dev.o)
                0x001144e4                archiveUnmountAll
 .text.tanf     0x00114538       0x70 C:/devkitPro/devkitARM/bin/../lib/gcc/arm-none-eabi/13.2.0/../../../../arm-none-eabi/lib/armv6k/fpu\libm.a(libm_a-sf_tan.o)
                0x00114538                tanf
 .text.expf     0x001145a8      0x120 C:/devkitPro/devkitARM/bin/../lib/gcc/arm-none-eabi/13.2.0/../../../../arm-none-eabi/lib/armv6k/fpu\libm.a(libm_a-sf_exp.o)
                0x001145a8                expf
 .text.powf     0x001146c8      0x3ec C:/devkitPro/devkitARM/bin/../lib/gcc/arm-none-eabi/13.2.0/../../../../arm-none-eabi/lib/armv6k/fpu\libm.a(libm_a-sf_pow.o)
                0x001146c8                powf
 *fill*         0x00114ab4        0x4 
 .text.sinf     0x00114ab8      0x244 C:/devkitPro/devkitARM/bin/../lib/gcc/arm-none-eabi/13.2.0/../../../../arm-none-eabi/lib/armv6k/fpu\libm.a(libm_a-sinf.o)
                0x00114ab8                sinf
 *fill*         0x00114cfc        0x4 
 .text.cosf     0x00114d00      0x22c C:/devkitPro/devkitARM/bin/../lib/gcc/arm-none-eabi/13.2.0/../../../../arm-none-eabi/lib/armv6k/fpu\libm.a(libm_a-cosf.o)
                0x00114d00                cosf
 .text.with_errnof
                0x00114f2c       0x24 C:/devkitPro/devkitARM/bin/../lib/gcc/arm-none-eabi/13.2.0/../../../../arm-none-eabi/lib/armv6k/fpu\libm.a(libm_a-math_errf.o)
 .text.xflowf   0x00114f50       0x18 C:/devkitPro/devkitARM/bin/../lib/gcc/arm-none-eabi/13.2.0/../../../../arm-none-eabi/lib/armv6k/fpu\libm.a(libm_a-math_errf.o)
 .text.__math_uflowf
                0x00114f68        0xc C:/devkitPro/devkitARM/bin/../lib/gcc/arm-none-eabi/13.2.0/../../../../arm-none-eabi/lib/armv6k/fpu\libm.a(libm_a-math_errf.o)
                0x00114f68                __math_uflowf
 .text.__math_may_uflowf
                0x00114f74        0xc C:/devkitPro/devkitARM/bin/../lib/gcc/arm-none-eabi/13.2.0/../../../../arm-none-eabi/lib/armv6k/fpu\libm.a(libm_a-math_errf.o)
                0x00114f74                __math_may_uflowf
 .text.__math_oflowf
                0x00114f80        0xc C:/devkitPro/devkitARM/bin/../lib/gcc/arm-none-eabi/13.2.0/../../../../arm-none-eabi/lib/armv6k/fpu\libm.a(libm_a-math_errf.o)
                0x00114f80                __math_oflowf
 .text.__math_divzerof
                0x00114f8c       0x30 C:/devkitPro/devkitARM/bin/../lib/gcc/arm-none-eabi/13.2.0/../../../../arm-none-eabi/lib/armv6k/fpu\libm.a(libm_a-math_errf.o)
                0x00114f8c                __math_divzerof
 .text.__math_invalidf
                0x00114fbc       0x1c C:/devkitPro/devkitARM/bin/../lib/gcc/arm-none-eabi/13.2.0/../../../../arm-none-eabi/lib/armv6k/fpu\libm.a(libm_a-math_errf.o)
                0x00114fbc                __math_invalidf
 .text.__kernel_tanf
                0x00114fd8      0x208 C:/devkitPro/devkitARM/bin/../lib/gcc/arm-none-eabi/13.2.0/../../../../arm-none-eabi/lib/armv6k/fpu\libm.a(libm_a-kf_tan.o)
                0x00114fd8                __kernel_tanf
 .text.__ieee754_rem_pio2f
                0x001151e0      0x2c8 C:/devkitPro/devkitARM/bin/../lib/gcc/arm-none-eabi/13.2.0/../../../../arm-none-eabi/lib/armv6k/fpu\libm.a(libm_a-ef_rem_pio2.o)
                0x001151e0                __ieee754_rem_pio2f
 .text.fabsf    0x001154a8       0x10 C:/devkitPro/devkitARM/bin/../lib/gcc/arm-none-eabi/13.2.0/../../../../arm-none-eabi/lib/armv6k/fpu\libm.a(libm_a-sf_fabs.o)
                0x001154a8                fabsf
 .text.__kernel_rem_pio2f
                0x001154b8      0x844 C:/devkitPro/devkitARM/bin/../lib/gcc/arm-none-eabi/13.2.0/../../../../arm-none-eabi/lib/armv6k/fpu\libm.a(libm_a-kf_rem_pio2.o)
                0x001154b8                __kernel_rem_pio2f
 .text.floorf   0x00115cfc       0xc0 C:/devkitPro/devkitARM/bin/../lib/gcc/arm-none-eabi/13.2.0/../../../../arm-none-eabi/lib/armv6k/fpu\libm.a(libm_a-sf_floor.o)
                0x00115cfc                floorf
 .text.scalbnf  0x00115dbc      0x12c C:/devkitPro/devkitARM/bin/../lib/gcc/arm-none-eabi/13.2.0/../../../../arm-none-eabi/lib/armv6k/fpu\libm.a(libm_a-sf_scalbn.o)
                0x00115dbc                scalbnf
 .text.__udivmoddi4
                0x00115ee8      0x120 C:/devkitPro/devkitARM/bin/../lib/gcc/arm-none-eabi/13.2.0/armv6k/fpu\libgcc.a(_udivmoddi4.o)
                0x00115ee8                __udivmoddi4
 .text.printf   0x00116008       0x34 C:/devkitPro/devkitARM/bin/../lib/gcc/arm-none-eabi/13.2.0/../../../../arm-none-eabi/lib/armv6k/fpu\libg.a(libc_a-printf.o)
                0x00116008                printf
 .text.memalign
                0x0011603c       0x20 C:/devkitPro/devkitARM/bin/../lib/gcc/arm-none-eabi/13.2.0/../../../../arm-none-eabi/lib/armv6k/fpu\libg.a(libc_a-malign.o)
                0x0011603c                memalign
 .text._memalign_r
                0x0011605c      0x14c C:/devkitPro/devkitARM/bin/../lib/gcc/arm-none-eabi/13.2.0/../../../../arm-none-eabi/lib/armv6k/fpu\libg.a(libc_a-malignr.o)
                0x0011605c                _memalign_r
 .text.bsearch  0x001161a8       0x78 C:/devkitPro/devkitARM/bin/../lib/gcc/arm-none-eabi/13.2.0/../../../../arm-none-eabi/lib/armv6k/fpu\libg.a(libc_a-bsearch.o)
                0x001161a8                bsearch
 .text.calloc   0x00116220       0x20 C:/devkitPro/devkitARM/bin/../lib/gcc/arm-none-eabi/13.2.0/../../../../arm-none-eabi/lib/armv6k/fpu\libg.a(libc_a-calloc.o)
                0x00116220                calloc
 .text._calloc_r
                0x00116240       0xc0 C:/devkitPro/devkitARM/bin/../lib/gcc/arm-none-eabi/13.2.0/../../../../arm-none-eabi/lib/armv6k/fpu\libg.a(libc_a-callocr.o)
                0x00116240                _calloc_r
 .text.setvbuf  0x00116300      0x25c C:/devkitPro/devkitARM/bin/../lib/gcc/arm-none-eabi/13.2.0/../../../../arm-none-eabi/lib/armv6k/fpu\libg.a(libc_a-setvbuf.o)
                0x00116300                setvbuf
 .text.__call_exitprocs
                0x0011655c        0x4 C:/devkitPro/devkitARM/bin/../lib/gcc/arm-none-eabi/13.2.0/../../../../arm-none-eabi/lib/armv6k/fpu\libg.a(libc_a-exit.o)
                0x0011655c                __call_exitprocs
 .text.exit     0x00116560       0x30 C:/devkitPro/devkitARM/bin/../lib/gcc/arm-none-eabi/13.2.0/../../../../arm-none-eabi/lib/armv6k/fpu\libg.a(libc_a-exit.o)
                0x00116560                exit
 .text._malloc_trim_r
                0x00116590       0xf8 C:/devkitPro/devkitARM/bin/../lib/gcc/arm-none-eabi/13.2.0/../../../../arm-none-eabi/lib/armv6k/fpu\libg.a(libc_a-freer.o)
                0x00116590                _malloc_trim_r
 .text._free_r  0x00116688      0x2e8 C:/devkitPro/devkitARM/bin/../lib/gcc/arm-none-eabi/13.2.0/../../../../arm-none-eabi/lib/armv6k/fpu\libg.a(libc_a-freer.o)
                0x00116688                _free_r
 .text.strchr   0x00116970      0x130 C:/devkitPro/devkitARM/bin/../lib/gcc/arm-none-eabi/13.2.0/../../../../arm-none-eabi/lib/armv6k/fpu\libg.a(libc_a-strchr.o)
                0x00116970                strchr
 .text.memcmp   0x00116aa0       0xd8 C:/devkitPro/devkitARM/bin/../lib/gcc/arm-none-eabi/13.2.0/../../../../arm-none-eabi/lib/armv6k/fpu\libg.a(libc_a-memcmp.o)
                0x00116aa0                memcmp
 .text._fclose_r
                0x00116b78      0x148 C:/devkitPro/devkitARM/bin/../lib/gcc/arm-none-eabi/13.2.0/../../../../arm-none-eabi/lib/armv6k/fpu\libg.a(libc_a-fclose.o)
                0x00116b78                _fclose_r
 .text.fclose   0x00116cc0       0x18 C:/devkitPro/devkitARM/bin/../lib/gcc/arm-none-eabi/13.2.0/../../../../arm-none-eabi/lib/armv6k/fpu\libg.a(libc_a-fclose.o)
                0x00116cc0                fclose
 .text.malloc   0x00116cd8       0x18 C:/devkitPro/devkitARM/bin/../lib/gcc/arm-none-eabi/13.2.0/../../../../arm-none-eabi/lib/armv6k/fpu\libg.a(libc_a-malloc.o)
                0x00116cd8                malloc
 .text.free     0x00116cf0       0x18 C:/devkitPro/devkitARM/bin/../lib/gcc/arm-none-eabi/13.2.0/../../../../arm-none-eabi/lib/armv6k/fpu\libg.a(libc_a-malloc.o)
                0x00116cf0                free
 .text._malloc_r
                0x00116d08      0x79c C:/devkitPro/devkitARM/bin/../lib/gcc/arm-none-eabi/13.2.0/../../../../arm-none-eabi/lib/armv6k/fpu\libg.a(libc_a-mallocr.o)
                0x00116d08                _malloc_r
 .text.memset   0x001174a4       0xf4 C:/devkitPro/devkitARM/bin/../lib/gcc/arm-none-eabi/13.2.0/../../../../arm-none-eabi/lib/armv6k/fpu\libg.a(libc_a-memset.o)
                0x001174a4                memset
 .text.__malloc_lock
                0x00117598        0xc C:/devkitPro/devkitARM/bin/../lib/gcc/arm-none-eabi/13.2.0/../../../../arm-none-eabi/lib/armv6k/fpu\libg.a(libc_a-mlock.o)
                0x00117598                __malloc_lock
 .text.__malloc_unlock
                0x001175a4        0xc C:/devkitPro/devkitARM/bin/../lib/gcc/arm-none-eabi/13.2.0/../../../../arm-none-eabi/lib/armv6k/fpu\libg.a(libc_a-mlock.o)
                0x001175a4                __malloc_unlock
 .text.get_arg  0x001175b0      0x64c C:/devkitPro/devkitARM/bin/../lib/gcc/arm-none-eabi/13.2.0/../../../../arm-none-eabi/lib/armv6k/fpu\libg.a(libc_a-vfprintf.o)
 *fill*         0x00117bfc        0x4 
 .text._vfprintf_r
                0x00117c00     0x3378 C:/devkitPro/devkitARM/bin/../lib/gcc/arm-none-eabi/13.2.0/../../../../arm-none-eabi/lib/armv6k/fpu\libg.a(libc_a-vfprintf.o)
                0x00117c00                _vfprintf_r
 .text.__sbprintf
                0x0011af78       0xb8 C:/devkitPro/devkitARM/bin/../lib/gcc/arm-none-eabi/13.2.0/../../../../arm-none-eabi/lib/armv6k/fpu\libg.a(libc_a-vfprintf.o)
 .text.strlen   0x0011b030       0x90 C:/devkitPro/devkitARM/bin/../lib/gcc/arm-none-eabi/13.2.0/../../../../arm-none-eabi/lib/armv6k/fpu\libg.a(libc_a-strlen.o)
                0x0011b030                strlen
 .text._fopen_r
                0x0011b0c0      0x12c C:/devkitPro/devkitARM/bin/../lib/gcc/arm-none-eabi/13.2.0/../../../../arm-none-eabi/lib/armv6k/fpu\libg.a(libc_a-fopen.o)
                0x0011b0c0                _fopen_r
 .text.fopen    0x0011b1ec       0x20 C:/devkitPro/devkitARM/bin/../lib/gcc/arm-none-eabi/13.2.0/../../../../arm-none-eabi/lib/armv6k/fpu\libg.a(libc_a-fopen.o)
                0x0011b1ec                fopen
 .text.__sflush_r
                0x0011b20c      0x22c C:/devkitPro/devkitARM/bin/../lib/gcc/arm-none-eabi/13.2.0/../../../../arm-none-eabi/lib/armv6k/fpu\libg.a(libc_a-fflush.o)
                0x0011b20c                __sflush_r
 .text._fflush_r
                0x0011b438       0x94 C:/devkitPro/devkitARM/bin/../lib/gcc/arm-none-eabi/13.2.0/../../../../arm-none-eabi/lib/armv6k/fpu\libg.a(libc_a-fflush.o)
                0x0011b438                _fflush_r
 .text.strncat  0x0011b4cc       0xe4 C:/devkitPro/devkitARM/bin/../lib/gcc/arm-none-eabi/13.2.0/../../../../arm-none-eabi/lib/armv6k/fpu\libg.a(libc_a-strncat.o)
                0x0011b4cc                strncat
 .text.strncmp  0x0011b5b0       0xe4 C:/devkitPro/devkitARM/bin/../lib/gcc/arm-none-eabi/13.2.0/../../../../arm-none-eabi/lib/armv6k/fpu\libg.a(libc_a-strncmp.o)
                0x0011b5b0                strncmp
 .text._fwalk_sglue
                0x0011b694       0x70 C:/devkitPro/devkitARM/bin/../lib/gcc/arm-none-eabi/13.2.0/../../../../arm-none-eabi/lib/armv6k/fpu\libg.a(libc_a-fwalk.o)
                0x0011b694                _fwalk_sglue
 .text._fread_r
                0x0011b704      0x344 C:/devkitPro/devkitARM/bin/../lib/gcc/arm-none-eabi/13.2.0/../../../../arm-none-eabi/lib/armv6k/fpu\libg.a(libc_a-fread.o)
                0x0011b704                _fread_r
 .text.fread    0x0011ba48       0x38 C:/devkitPro/devkitARM/bin/../lib/gcc/arm-none-eabi/13.2.0/../../../../arm-none-eabi/lib/armv6k/fpu\libg.a(libc_a-fread.o)
                0x0011ba48                fread
 .text.strncpy  0x0011ba80       0xc4 C:/devkitPro/devkitARM/bin/../lib/gcc/arm-none-eabi/13.2.0/../../../../arm-none-eabi/lib/armv6k/fpu\libg.a(libc_a-strncpy.o)
                0x0011ba80                strncpy
 .text.stdio_exit_handler
                0x0011bb44       0x1c C:/devkitPro/devkitARM/bin/../lib/gcc/arm-none-eabi/13.2.0/../../../../arm-none-eabi/lib/armv6k/fpu\libg.a(libc_a-findfp.o)
 .text.cleanup_stdio
                0x0011bb60       0x5c C:/devkitPro/devkitARM/bin/../lib/gcc/arm-none-eabi/13.2.0/../../../../arm-none-eabi/lib/armv6k/fpu\libg.a(libc_a-findfp.o)
 .text.global_stdio_init.part.0
                0x0011bbbc      0x154 C:/devkitPro/devkitARM/bin/../lib/gcc/arm-none-eabi/13.2.0/../../../../arm-none-eabi/lib/armv6k/fpu\libg.a(libc_a-findfp.o)
 .text.__sfp    0x0011bd10      0x134 C:/devkitPro/devkitARM/bin/../lib/gcc/arm-none-eabi/13.2.0/../../../../arm-none-eabi/lib/armv6k/fpu\libg.a(libc_a-findfp.o)
                0x0011bd10                __sfp
 .text.__sinit  0x0011be44       0x5c C:/devkitPro/devkitARM/bin/../lib/gcc/arm-none-eabi/13.2.0/../../../../arm-none-eabi/lib/armv6k/fpu\libg.a(libc_a-findfp.o)
                0x0011be44                __sinit
 .text.__sfp_lock_acquire
                0x0011bea0        0xc C:/devkitPro/devkitARM/bin/../lib/gcc/arm-none-eabi/13.2.0/../../../../arm-none-eabi/lib/armv6k/fpu\libg.a(libc_a-findfp.o)
                0x0011bea0                __sfp_lock_acquire
 .text.__sfp_lock_release
                0x0011beac        0xc C:/devkitPro/devkitARM/bin/../lib/gcc/arm-none-eabi/13.2.0/../../../../arm-none-eabi/lib/armv6k/fpu\libg.a(libc_a-findfp.o)
                0x0011beac                __sfp_lock_release
 .text.strnlen  0x0011beb8       0x48 C:/devkitPro/devkitARM/bin/../lib/gcc/arm-none-eabi/13.2.0/../../../../arm-none-eabi/lib/armv6k/fpu\libg.a(libc_a-strnlen.o)
                0x0011beb8                strnlen
 .text._fseek_r
                0x0011bf00       0x1c C:/devkitPro/devkitARM/bin/../lib/gcc/arm-none-eabi/13.2.0/../../../../arm-none-eabi/lib/armv6k/fpu\libg.a(libc_a-fseek.o)
                0x0011bf00                _fseek_r
 .text.difftime
                0x0011bf1c       0x18 C:/devkitPro/devkitARM/bin/../lib/gcc/arm-none-eabi/13.2.0/../../../../arm-none-eabi/lib/armv6k/fpu\libg.a(libc_a-difftime.o)
                0x0011bf1c                difftime
 .text._strtoul_l.isra.0
                0x0011bf34      0x1d8 C:/devkitPro/devkitARM/bin/../lib/gcc/arm-none-eabi/13.2.0/../../../../arm-none-eabi/lib/armv6k/fpu\libg.a(libc_a-strtoul.o)
 .text.strtoul  0x0011c10c       0x34 C:/devkitPro/devkitARM/bin/../lib/gcc/arm-none-eabi/13.2.0/../../../../arm-none-eabi/lib/armv6k/fpu\libg.a(libc_a-strtoul.o)
                0x0011c10c                strtoul
 .text.__locale_mb_cur_max
                0x0011c140       0x24 C:/devkitPro/devkitARM/bin/../lib/gcc/arm-none-eabi/13.2.0/../../../../arm-none-eabi/lib/armv6k/fpu\libg.a(libc_a-locale.o)
                0x0011c140                __locale_mb_cur_max
 .text.time     0x0011c164       0x4c C:/devkitPro/devkitARM/bin/../lib/gcc/arm-none-eabi/13.2.0/../../../../arm-none-eabi/lib/armv6k/fpu\libg.a(libc_a-time.o)
                0x0011c164                time
 .text._localeconv_r
                0x0011c1b0       0x24 C:/devkitPro/devkitARM/bin/../lib/gcc/arm-none-eabi/13.2.0/../../../../arm-none-eabi/lib/armv6k/fpu\libg.a(libc_a-localeconv.o)
                0x0011c1b0                _localeconv_r
 .text.memchr   0x0011c1d4       0xe0 C:/devkitPro/devkitARM/bin/../lib/gcc/arm-none-eabi/13.2.0/../../../../arm-none-eabi/lib/armv6k/fpu\libg.a(libc_a-memchr-stub.o)
                0x0011c1d4                memchr
 .text.__utf8_wctomb
                0x0011c2b4       0xf0 C:/devkitPro/devkitARM/bin/../lib/gcc/arm-none-eabi/13.2.0/../../../../arm-none-eabi/lib/armv6k/fpu\libg.a(libc_a-wctomb_r.o)
                0x0011c2b4                __utf8_wctomb
 .text.memcpy   0x0011c3a4      0x11c C:/devkitPro/devkitARM/bin/../lib/gcc/arm-none-eabi/13.2.0/../../../../arm-none-eabi/lib/armv6k/fpu\libg.a(libc_a-memcpy-stub.o)
                0x0011c3a4                memcpy
 .text.__libc_init_array
                0x0011c4c0       0x84 C:/devkitPro/devkitARM/bin/../lib/gcc/arm-none-eabi/13.2.0/../../../../arm-none-eabi/lib/armv6k/fpu\libg.a(libc_a-init.o)
                0x0011c4c0                __libc_init_array
 .text.__libc_fini_array
                0x0011c544       0x3c C:/devkitPro/devkitARM/bin/../lib/gcc/arm-none-eabi/13.2.0/../../../../arm-none-eabi/lib/armv6k/fpu\libg.a(libc_a-fini.o)
                0x0011c544                __libc_fini_array
 .text.__errno  0x0011c580        0xc C:/devkitPro/devkitARM/bin/../lib/gcc/arm-none-eabi/13.2.0/../../../../arm-none-eabi/lib/armv6k/fpu\libg.a(libc_a-errno.o)
                0x0011c580                __errno
 *fill*         0x0011c58c        0x4 
 .text.frexp    0x0011c590       0x88 C:/devkitPro/devkitARM/bin/../lib/gcc/arm-none-eabi/13.2.0/../../../../arm-none-eabi/lib/armv6k/fpu\libg.a(libm_a-s_frexp.o)
                0x0011c590                frexp
 .text.__smakebuf_r
                0x0011c618      0x12c C:/devkitPro/devkitARM/bin/../lib/gcc/arm-none-eabi/13.2.0/../../../../arm-none-eabi/lib/armv6k/fpu\libg.a(libc_a-makebuf.o)
                0x0011c618                __smakebuf_r
 .text.__swhatbuf_r
                0x0011c744       0x8c C:/devkitPro/devkitARM/bin/../lib/gcc/arm-none-eabi/13.2.0/../../../../arm-none-eabi/lib/armv6k/fpu\libg.a(libc_a-makebuf.o)
                0x0011c744                __swhatbuf_r
 .text._wcrtomb_r
                0x0011c7d0       0xa0 C:/devkitPro/devkitARM/bin/../lib/gcc/arm-none-eabi/13.2.0/../../../../arm-none-eabi/lib/armv6k/fpu\libg.a(libc_a-wcrtomb.o)
                0x0011c7d0                _wcrtomb_r
 .text._wcsrtombs_r
                0x0011c870       0x28 C:/devkitPro/devkitARM/bin/../lib/gcc/arm-none-eabi/13.2.0/../../../../arm-none-eabi/lib/armv6k/fpu\libg.a(libc_a-wcsrtombs.o)
                0x0011c870                _wcsrtombs_r
 .text.lflush   0x0011c898       0x38 C:/devkitPro/devkitARM/bin/../lib/gcc/arm-none-eabi/13.2.0/../../../../arm-none-eabi/lib/armv6k/fpu\libg.a(libc_a-refill.o)
 .text.__srefill_r
                0x0011c8d0      0x19c C:/devkitPro/devkitARM/bin/../lib/gcc/arm-none-eabi/13.2.0/../../../../arm-none-eabi/lib/armv6k/fpu\libg.a(libc_a-refill.o)
                0x0011c8d0                __srefill_r
 .text.__sread  0x0011ca6c       0x44 C:/devkitPro/devkitARM/bin/../lib/gcc/arm-none-eabi/13.2.0/../../../../arm-none-eabi/lib/armv6k/fpu\libg.a(libc_a-stdio.o)
                0x0011ca6c                __sread
 .text.__swrite
                0x0011cab0       0x68 C:/devkitPro/devkitARM/bin/../lib/gcc/arm-none-eabi/13.2.0/../../../../arm-none-eabi/lib/armv6k/fpu\libg.a(libc_a-stdio.o)
                0x0011cab0                __swrite
 .text.__sseek  0x0011cb18       0x44 C:/devkitPro/devkitARM/bin/../lib/gcc/arm-none-eabi/13.2.0/../../../../arm-none-eabi/lib/armv6k/fpu\libg.a(libc_a-stdio.o)
                0x0011cb18                __sseek
 .text.__sclose
                0x0011cb5c        0x8 C:/devkitPro/devkitARM/bin/../lib/gcc/arm-none-eabi/13.2.0/../../../../arm-none-eabi/lib/armv6k/fpu\libg.a(libc_a-stdio.o)
                0x0011cb5c                __sclose
 .text.get_arg  0x0011cb64      0x64c C:/devkitPro/devkitARM/bin/../lib/gcc/arm-none-eabi/13.2.0/../../../../arm-none-eabi/lib/armv6k/fpu\libg.a(libc_a-vfiprintf.o)
 .text.__sprint_r
                0x0011d1b0       0x30 C:/devkitPro/devkitARM/bin/../lib/gcc/arm-none-eabi/13.2.0/../../../../arm-none-eabi/lib/armv6k/fpu\libg.a(libc_a-vfiprintf.o)
                0x0011d1b0                __sprint_r
 .text._vfiprintf_r
                0x0011d1e0     0x2304 C:/devkitPro/devkitARM/bin/../lib/gcc/arm-none-eabi/13.2.0/../../../../arm-none-eabi/lib/armv6k/fpu\libg.a(libc_a-vfiprintf.o)
                0x0011d1e0                _vfiprintf_r
 .text.__sbprintf
                0x0011f4e4       0xb8 C:/devkitPro/devkitARM/bin/../lib/gcc/arm-none-eabi/13.2.0/../../../../arm-none-eabi/lib/armv6k/fpu\libg.a(libc_a-vfiprintf.o)
 .text.__swsetup_r
                0x0011f59c      0x138 C:/devkitPro/devkitARM/bin/../lib/gcc/arm-none-eabi/13.2.0/../../../../arm-none-eabi/lib/armv6k/fpu\libg.a(libc_a-wsetup.o)
                0x0011f59c                __swsetup_r
 .text.quorem   0x0011f6d4      0x1b4 C:/devkitPro/devkitARM/bin/../lib/gcc/arm-none-eabi/13.2.0/../../../../arm-none-eabi/lib/armv6k/fpu\libg.a(libc_a-dtoa.o)
 .text._dtoa_r  0x0011f888     0x1218 C:/devkitPro/devkitARM/bin/../lib/gcc/arm-none-eabi/13.2.0/../../../../arm-none-eabi/lib/armv6k/fpu\libg.a(libc_a-dtoa.o)
                0x0011f888                _dtoa_r
 .text.memmove  0x00120aa0      0x150 C:/devkitPro/devkitARM/bin/../lib/gcc/arm-none-eabi/13.2.0/../../../../arm-none-eabi/lib/armv6k/fpu\libg.a(libc_a-memmove.o)
                0x00120aa0                memmove
 .text._fseeko_r
                0x00120bf0      0x590 C:/devkitPro/devkitARM/bin/../lib/gcc/arm-none-eabi/13.2.0/../../../../arm-none-eabi/lib/armv6k/fpu\libg.a(libc_a-fseeko.o)
                0x00120bf0                _fseeko_r
 .text.__sflags
                0x00121180       0xb4 C:/devkitPro/devkitARM/bin/../lib/gcc/arm-none-eabi/13.2.0/../../../../arm-none-eabi/lib/armv6k/fpu\libg.a(libc_a-flags.o)
                0x00121180                __sflags
 .text._Balloc  0x00121234       0x88 C:/devkitPro/devkitARM/bin/../lib/gcc/arm-none-eabi/13.2.0/../../../../arm-none-eabi/lib/armv6k/fpu\libg.a(libc_a-mprec.o)
                0x00121234                _Balloc
 .text._Bfree   0x001212bc       0x1c C:/devkitPro/devkitARM/bin/../lib/gcc/arm-none-eabi/13.2.0/../../../../arm-none-eabi/lib/armv6k/fpu\libg.a(libc_a-mprec.o)
                0x001212bc                _Bfree
 .text.__multadd
                0x001212d8       0xf4 C:/devkitPro/devkitARM/bin/../lib/gcc/arm-none-eabi/13.2.0/../../../../arm-none-eabi/lib/armv6k/fpu\libg.a(libc_a-mprec.o)
                0x001212d8                __multadd
 .text.__hi0bits
                0x001213cc       0x60 C:/devkitPro/devkitARM/bin/../lib/gcc/arm-none-eabi/13.2.0/../../../../arm-none-eabi/lib/armv6k/fpu\libg.a(libc_a-mprec.o)
                0x001213cc                __hi0bits
 .text.__lo0bits
                0x0012142c       0x9c C:/devkitPro/devkitARM/bin/../lib/gcc/arm-none-eabi/13.2.0/../../../../arm-none-eabi/lib/armv6k/fpu\libg.a(libc_a-mprec.o)
                0x0012142c                __lo0bits
 .text.__i2b    0x001214c8       0xa4 C:/devkitPro/devkitARM/bin/../lib/gcc/arm-none-eabi/13.2.0/../../../../arm-none-eabi/lib/armv6k/fpu\libg.a(libc_a-mprec.o)
                0x001214c8                __i2b
 .text.__multiply
                0x0012156c      0x204 C:/devkitPro/devkitARM/bin/../lib/gcc/arm-none-eabi/13.2.0/../../../../arm-none-eabi/lib/armv6k/fpu\libg.a(libc_a-mprec.o)
                0x0012156c                __multiply
 .text.__pow5mult
                0x00121770      0x128 C:/devkitPro/devkitARM/bin/../lib/gcc/arm-none-eabi/13.2.0/../../../../arm-none-eabi/lib/armv6k/fpu\libg.a(libc_a-mprec.o)
                0x00121770                __pow5mult
 .text.__lshift
                0x00121898      0x140 C:/devkitPro/devkitARM/bin/../lib/gcc/arm-none-eabi/13.2.0/../../../../arm-none-eabi/lib/armv6k/fpu\libg.a(libc_a-mprec.o)
                0x00121898                __lshift
 .text.__mcmp   0x001219d8       0x58 C:/devkitPro/devkitARM/bin/../lib/gcc/arm-none-eabi/13.2.0/../../../../arm-none-eabi/lib/armv6k/fpu\libg.a(libc_a-mprec.o)
                0x001219d8                __mcmp
 .text.__mdiff  0x00121a30      0x1fc C:/devkitPro/devkitARM/bin/../lib/gcc/arm-none-eabi/13.2.0/../../../../arm-none-eabi/lib/armv6k/fpu\libg.a(libc_a-mprec.o)
                0x00121a30                __mdiff
 .text.__d2b    0x00121c2c      0x124 C:/devkitPro/devkitARM/bin/../lib/gcc/arm-none-eabi/13.2.0/../../../../arm-none-eabi/lib/armv6k/fpu\libg.a(libc_a-mprec.o)
                0x00121c2c                __d2b
 .text.__sfvwrite_r
                0x00121d50      0x4b4 C:/devkitPro/devkitARM/bin/../lib/gcc/arm-none-eabi/13.2.0/../../../../arm-none-eabi/lib/armv6k/fpu\libg.a(libc_a-fvwrite.o)
                0x00121d50                __sfvwrite_r
 .text._realloc_r
                0x00122204      0x4a0 C:/devkitPro/devkitARM/bin/../lib/gcc/arm-none-eabi/13.2.0/../../../../arm-none-eabi/lib/armv6k/fpu\libg.a(libc_a-reallocr.o)
                0x00122204                _realloc_r
 .text.__utf8_mbtowc
                0x001226a4      0x2f8 C:/devkitPro/devkitARM/bin/../lib/gcc/arm-none-eabi/13.2.0/../../../../arm-none-eabi/lib/armv6k/fpu\libg.a(libc_a-mbtowc_r.o)
                0x001226a4                __utf8_mbtowc
 .text._wcsnrtombs_l
                0x0012299c      0x188 C:/devkitPro/devkitARM/bin/../lib/gcc/arm-none-eabi/13.2.0/../../../../arm-none-eabi/lib/armv6k/fpu\libg.a(libc_a-wcsnrtombs.o)
                0x0012299c                _wcsnrtombs_l
 .text._wcsnrtombs_r
                0x00122b24       0x64 C:/devkitPro/devkitARM/bin/../lib/gcc/arm-none-eabi/13.2.0/../../../../arm-none-eabi/lib/armv6k/fpu\libg.a(libc_a-wcsnrtombs.o)
                0x00122b24                _wcsnrtombs_r
 .text.__assert_func
                0x00122b88       0x5c C:/devkitPro/devkitARM/bin/../lib/gcc/arm-none-eabi/13.2.0/../../../../arm-none-eabi/lib/armv6k/fpu\libg.a(libc_a-assert.o)
                0x00122b88                __assert_func
 .text.fiprintf
                0x00122be4       0x3c C:/devkitPro/devkitARM/bin/../lib/gcc/arm-none-eabi/13.2.0/../../../../arm-none-eabi/lib/armv6k/fpu\libg.a(libc_a-fiprintf.o)
                0x00122be4                fiprintf
 .text.abort    0x00122c20       0x14 C:/devkitPro/devkitARM/bin/../lib/gcc/arm-none-eabi/13.2.0/../../../../arm-none-eabi/lib/armv6k/fpu\libg.a(libc_a-abort.o)
                0x00122c20                abort
 .text._raise_r
                0x00122c34       0x90 C:/devkitPro/devkitARM/bin/../lib/gcc/arm-none-eabi/13.2.0/../../../../arm-none-eabi/lib/armv6k/fpu\libg.a(libc_a-signal.o)
                0x00122c34                _raise_r
 .text.raise    0x00122cc4       0x18 C:/devkitPro/devkitARM/bin/../lib/gcc/arm-none-eabi/13.2.0/../../../../arm-none-eabi/lib/armv6k/fpu\libg.a(libc_a-signal.o)
                0x00122cc4                raise
 .text._exit    0x00122cdc       0x20 C:/devkitPro/devkitARM/bin/../lib/gcc/arm-none-eabi/13.2.0/../../../../arm-none-eabi/lib/armv6k/fpu\libsysbase.a(libsysbase_libsysbase_a-_exit.o)
                0x00122cdc                _exit
 .text.chdir    0x00122cfc      0x13c C:/devkitPro/devkitARM/bin/../lib/gcc/arm-none-eabi/13.2.0/../../../../arm-none-eabi/lib/armv6k/fpu\libsysbase.a(libsysbase_libsysbase_a-chdir.o)
                0x00122cfc                chdir
 .text._concatenate_path